Source file not found: test_1K.bin
ControlSocket /tmp/ssh_ctrl_167.99.128.200_22_root already exists, disabling multiplexing
Opening persistent SSH connection...
SSH control connection established

Starting SCP run 0 for 1K...
Starting SCP run 1 for 1K...
Starting SCP run 2 for 1K...
Starting SCP run 3 for 1K...
Starting SCP run 4 for 1K...
Starting SCP run 5 for 1K...
Starting SCP run 6 for 1K...
Starting SCP run 7 for 1K...
Starting SCP run 8 for 1K...
Starting SCP run 9 for 1K...
Starting SCP run 0 for 10K...
Starting SCP run 1 for 10K...
Starting SCP run 2 for 10K...
Starting SCP run 3 for 10K...
Starting SCP run 4 for 10K...
Starting SCP run 5 for 10K...
Starting SCP run 6 for 10K...
Starting SCP run 7 for 10K...
Starting SCP run 8 for 10K...
Starting SCP run 9 for 10K...
Starting SCP run 0 for 100K...
Starting SCP run 1 for 100K...
Starting SCP run 2 for 100K...
Starting SCP run 3 for 100K...
Starting SCP run 4 for 100K...
Starting SCP run 5 for 100K...
Starting SCP run 6 for 100K...
Starting SCP run 7 for 100K...
Starting SCP run 8 for 100K...
Starting SCP run 9 for 100K...
Starting SCP run 0 for 1M...
Starting SCP run 1 for 1M...
Starting SCP run 2 for 1M...
Starting SCP run 3 for 1M...
Starting SCP run 4 for 1M...
Starting SCP run 5 for 1M...
Starting SCP run 6 for 1M...
Starting SCP run 7 for 1M...
Starting SCP run 8 for 1M...
Starting SCP run 9 for 1M...
Starting SCP run 0 for 10M...
Starting SCP run 1 for 10M...
Starting SCP run 2 for 10M...
Starting SCP run 3 for 10M...
Starting SCP run 4 for 10M...
Starting SCP run 5 for 10M...
Starting SCP run 6 for 10M...
Starting SCP run 7 for 10M...
Starting SCP run 8 for 10M...
Starting SCP run 9 for 10M...

Closing SSH control connection...
Time: 4.029693s
Time: 3.167965s
Time: 3.168042s
Time: 3.174015s
Time: 3.178365s
Time: 3.173899s
Time: 3.193441s
Time: 3.180872s
Time: 3.172574s
Time: 3.186243s
Time: 3.178701s
Time: 3.182194s
Time: 3.172282s
Time: 3.184712s
Time: 3.175588s
Time: 3.186228s
Time: 3.169817s
Time: 3.181850s
Time: 3.172025s
Time: 3.175277s
Time: 3.213204s
Time: 3.176918s
Time: 3.174555s
Time: 3.179072s
Time: 3.186028s
Time: 3.186882s
Time: 3.180425s
Time: 3.172329s
Time: 3.180083s
Time: 3.166580s
Time: 3.487340s
Time: 3.492390s
Time: 3.509102s
Time: 3.343732s
Time: 3.380148s
Time: 3.378923s
Time: 3.429813s
Time: 3.360783s
Time: 3.400266s
Time: 3.362926s
Time: 4.275162s
Time: 4.303744s
Time: 4.259833s
Time: 4.282111s
Time: 4.348521s
Time: 4.246003s
Time: 4.260304s
Time: 4.261443s
Time: 4.263339s
Time: 4.261508s
All SCP runs complete.
Data saved to results/scp_data1.json
Opening persistent SSH connection...
SSH control connection established

Starting SCP run 0 for 1K...
Starting SCP run 1 for 1K...
Starting SCP run 2 for 1K...
Starting SCP run 3 for 1K...
Starting SCP run 4 for 1K...
Starting SCP run 5 for 1K...
Starting SCP run 6 for 1K...
Starting SCP run 7 for 1K...
Starting SCP run 8 for 1K...
Starting SCP run 9 for 1K...
Starting SCP run 0 for 10K...
Starting SCP run 1 for 10K...
Starting SCP run 2 for 10K...
Starting SCP run 3 for 10K...
Starting SCP run 4 for 10K...
Starting SCP run 5 for 10K...
Starting SCP run 6 for 10K...
Starting SCP run 7 for 10K...
Starting SCP run 8 for 10K...
Starting SCP run 9 for 10K...
Starting SCP run 0 for 100K...
Starting SCP run 1 for 100K...
Starting SCP run 2 for 100K...
Starting SCP run 3 for 100K...
Starting SCP run 4 for 100K...
Starting SCP run 5 for 100K...
Starting SCP run 6 for 100K...
Starting SCP run 7 for 100K...
Starting SCP run 8 for 100K...
Starting SCP run 9 for 100K...
Starting SCP run 0 for 1M...
Starting SCP run 1 for 1M...
Starting SCP run 2 for 1M...
Starting SCP run 3 for 1M...
Starting SCP run 4 for 1M...
Starting SCP run 5 for 1M...
Starting SCP run 6 for 1M...
Starting SCP run 7 for 1M...
Starting SCP run 8 for 1M...
Starting SCP run 9 for 1M...
Starting SCP run 0 for 10M...
Starting SCP run 1 for 10M...
Starting SCP run 2 for 10M...
Starting SCP run 3 for 10M...
Starting SCP run 4 for 10M...
Starting SCP run 5 for 10M...
Starting SCP run 6 for 10M...
Starting SCP run 7 for 10M...
Starting SCP run 8 for 10M...
Starting SCP run 9 for 10M...

Closing SSH control connection...
Time: 3.018414s
Time: 3.002702s
Time: 3.043574s
Time: 3.019812s
Time: 3.013203s
Time: 3.012276s
Time: 3.027675s
Time: 3.018831s
Time: 3.013115s
Time: 3.014405s
Time: 3.015289s
Time: 3.020465s
Time: 2.998237s
Time: 3.022228s
Time: 3.010838s
Time: 3.030029s
Time: 3.024927s
Time: 3.049491s
Time: 3.017630s
Time: 3.017165s
Time: 3.012272s
Time: 3.014204s
Time: 3.010111s
Time: 3.012469s
Time: 3.048270s
Time: 3.012449s
Time: 3.018340s
Time: 3.020940s
Time: 3.259363s
Time: 3.017274s
Time: 3.192549s
Time: 3.208105s
Time: 3.338597s
Time: 3.483552s
Time: 3.343236s
Time: 3.305910s
Time: 3.181281s
Time: 3.200027s
Time: 3.339417s
Time: 3.501568s
Time: 7.028824s
Time: 6.592150s
Time: 6.600026s
Time: 6.961262s
Time: 6.639444s
Time: 6.539648s
Time: 6.493782s
Time: 6.639423s
Time: 6.962121s
Time: 8.264437s
All SCP runs complete.
Data saved to results/scp_data2.json
Opening persistent SSH connection...
SSH control connection established

Starting SCP run 0 for 1K...
Starting SCP run 1 for 1K...
Starting SCP run 2 for 1K...
Starting SCP run 3 for 1K...
Starting SCP run 4 for 1K...
Starting SCP run 5 for 1K...
Starting SCP run 6 for 1K...
Starting SCP run 7 for 1K...
Starting SCP run 8 for 1K...
Starting SCP run 9 for 1K...
Starting SCP run 0 for 10K...
Starting SCP run 1 for 10K...
Starting SCP run 2 for 10K...
Starting SCP run 3 for 10K...
Starting SCP run 4 for 10K...
Starting SCP run 5 for 10K...
Starting SCP run 6 for 10K...
Starting SCP run 7 for 10K...
Starting SCP run 8 for 10K...
Starting SCP run 9 for 10K...
Starting SCP run 0 for 100K...
Starting SCP run 1 for 100K...
Starting SCP run 2 for 100K...
Starting SCP run 3 for 100K...
Starting SCP run 4 for 100K...
Starting SCP run 5 for 100K...
Starting SCP run 6 for 100K...
Starting SCP run 7 for 100K...
Starting SCP run 8 for 100K...
Starting SCP run 9 for 100K...
Starting SCP run 0 for 1M...
Starting SCP run 1 for 1M...
Starting SCP run 2 for 1M...
Starting SCP run 3 for 1M...
Starting SCP run 4 for 1M...
Starting SCP run 5 for 1M...
Starting SCP run 6 for 1M...
Starting SCP run 7 for 1M...
Starting SCP run 8 for 1M...
Starting SCP run 9 for 1M...
Starting SCP run 0 for 10M...
Starting SCP run 1 for 10M...
Starting SCP run 2 for 10M...
Starting SCP run 3 for 10M...
Starting SCP run 4 for 10M...
Starting SCP run 5 for 10M...
Starting SCP run 6 for 10M...
Starting SCP run 7 for 10M...
Starting SCP run 8 for 10M...
Starting SCP run 9 for 10M...

Closing SSH control connection...
Time: 3.420475s
Time: 2.980270s
Time: 3.006421s
Time: 2.991851s
Time: 2.982338s
Time: 2.985766s
Time: 3.050349s
Time: 2.988903s
Time: 2.983780s
Time: 2.985038s
Time: 3.028873s
Time: 2.994302s
Time: 2.990589s
Time: 2.999125s
Time: 2.982234s
Time: 2.991536s
Time: 2.993776s
Time: 2.988150s
Time: 3.208314s
Time: 2.977766s
Time: 2.983728s
Time: 2.984817s
Time: 2.992937s
Time: 2.982522s
Time: 2.989101s
Time: 2.990605s
Time: 2.998316s
Time: 3.004320s
Time: 2.994838s
Time: 2.987844s
Time: 3.340998s
Time: 3.308559s
Time: 3.288865s
Time: 3.346164s
Time: 3.299340s
Time: 3.288322s
Time: 3.370332s
Time: 3.374032s
Time: 3.282589s
Time: 3.288700s
Time: 3.954077s
Time: 3.936068s
Time: 4.050362s
Time: 3.968954s
Time: 3.975344s
Time: 4.106890s
Time: 3.969026s
Time: 5.529138s
Time: 4.184073s
Time: 4.096511s
All SCP runs complete.
Data saved to results/scp_data3.json
Opening persistent SSH connection...
SSH control connection established

Starting SCP run 0 for 1K...
Starting SCP run 1 for 1K...
Starting SCP run 2 for 1K...
Starting SCP run 3 for 1K...
Starting SCP run 4 for 1K...
Starting SCP run 5 for 1K...
Starting SCP run 6 for 1K...
Starting SCP run 7 for 1K...
Starting SCP run 8 for 1K...
Starting SCP run 9 for 1K...
Starting SCP run 0 for 10K...
Starting SCP run 1 for 10K...
Starting SCP run 2 for 10K...
Starting SCP run 3 for 10K...
Starting SCP run 4 for 10K...
Starting SCP run 5 for 10K...
Starting SCP run 6 for 10K...
Starting SCP run 7 for 10K...
Starting SCP run 8 for 10K...
Starting SCP run 9 for 10K...
Starting SCP run 0 for 100K...
Starting SCP run 1 for 100K...
Starting SCP run 2 for 100K...
Starting SCP run 3 for 100K...
Starting SCP run 4 for 100K...
Starting SCP run 5 for 100K...
Starting SCP run 6 for 100K...
Starting SCP run 7 for 100K...
Starting SCP run 8 for 100K...
Starting SCP run 9 for 100K...
Starting SCP run 0 for 1M...
Starting SCP run 1 for 1M...
Starting SCP run 2 for 1M...
Starting SCP run 3 for 1M...
Starting SCP run 4 for 1M...
Starting SCP run 5 for 1M...
Starting SCP run 6 for 1M...
Starting SCP run 7 for 1M...
Starting SCP run 8 for 1M...
Starting SCP run 9 for 1M...
Starting SCP run 0 for 10M...
Starting SCP run 1 for 10M...
Starting SCP run 2 for 10M...
Starting SCP run 3 for 10M...
Starting SCP run 4 for 10M...
Starting SCP run 5 for 10M...
Starting SCP run 6 for 10M...
Starting SCP run 7 for 10M...
Starting SCP run 8 for 10M...
Starting SCP run 9 for 10M...

Closing SSH control connection...
Time: 4.303787s
Time: 3.382844s
Time: 3.365436s
Time: 3.373058s
Time: 3.374273s
Time: 3.377526s
Time: 3.367436s
Time: 3.365603s
Time: 3.364558s
Time: 3.367051s
Time: 3.368586s
Time: 3.418666s
Time: 3.360763s
Time: 3.361608s
Time: 3.368606s
Time: 3.374686s
Time: 3.378543s
Time: 3.453702s
Time: 3.374394s
Time: 3.388577s
Time: 3.368995s
Time: 3.383959s
Time: 3.377900s
Time: 3.377259s
Time: 3.355320s
Time: 3.371856s
Time: 3.376989s
Time: 3.370199s
Time: 3.375843s
Time: 3.368599s
Time: 3.594622s
Time: 5.096296s
Time: 3.701459s
Time: 3.730583s
Time: 3.707640s
Time: 3.704147s
Time: 3.575392s
Time: 3.564529s
Time: 3.562831s
Time: 3.562612s
Time: 4.873038s
Time: 4.920765s
Time: 4.866827s
Time: 5.011473s
Time: 6.479591s
Time: 4.894837s
Time: 35.281002s
Time: 11.819447s
Time: 7.352011s
Time: 6.249094s
All SCP runs complete.
Data saved to results/scp_data4.json
Reading data from results/scp_data4.json
Saved results/scp_data4_boxplot.png
Saved results/scp_data4_linear.png
linear: R² = 0.9993

Fitting convex quadratic (convexity only, no monotonicity constraint):
Fitted convex quadratic: a=1.231597e-25, b=2.256502e-04, c=3.377952e+00
Curve shape: monotonically increasing
Saved results/scp_data4_quadratic.png
quadratic: R² for quadratic fit: 0.9993

Monotonicity check (derivative at data points):
  Min derivative: 2.256502e-04
  Max derivative: 2.256502e-04
  [OK] Curve is monotonically increasing over data range

Fitting logarithmic model: y = a*log(x) + b
Saved results/scp_data4_logarithmic.png
logarithmic: y = 2.081823e-01*log(x) + 2.920677e+00
logarithmic: R² = 0.5909

Fitting exponential model: y = a*exp(b*x)
Saved results/scp_data4_exponential.png
exponential: y = 3.389490e+00*exp(5.096325e-05*x)
exponential: R² = 0.9978

Saved results/scp_data_analyzed4.json
Saved R² summary: results/scp_data_r_squared4.json
Fri Feb  6 13:23:54 PST 2026: Hourly run completed
Opening persistent SSH connection...
SSH control connection established

Starting SCP run 0 for 1K...
Starting SCP run 1 for 1K...
Starting SCP run 2 for 1K...
Starting SCP run 3 for 1K...
Starting SCP run 4 for 1K...
Starting SCP run 5 for 1K...
Starting SCP run 6 for 1K...
Starting SCP run 7 for 1K...
Starting SCP run 8 for 1K...
Starting SCP run 9 for 1K...
Starting SCP run 0 for 10K...
Starting SCP run 1 for 10K...
Starting SCP run 2 for 10K...
Starting SCP run 3 for 10K...
Starting SCP run 4 for 10K...
Starting SCP run 5 for 10K...
Starting SCP run 6 for 10K...
Starting SCP run 7 for 10K...
Starting SCP run 8 for 10K...
Starting SCP run 9 for 10K...
Starting SCP run 0 for 100K...
Starting SCP run 1 for 100K...
Starting SCP run 2 for 100K...
Starting SCP run 3 for 100K...
Starting SCP run 4 for 100K...
Starting SCP run 5 for 100K...
Starting SCP run 6 for 100K...
Starting SCP run 7 for 100K...
Starting SCP run 8 for 100K...
Starting SCP run 9 for 100K...
Starting SCP run 0 for 1M...
Starting SCP run 1 for 1M...
Starting SCP run 2 for 1M...
Starting SCP run 3 for 1M...
Starting SCP run 4 for 1M...
Starting SCP run 5 for 1M...
Starting SCP run 6 for 1M...
Starting SCP run 7 for 1M...
Starting SCP run 8 for 1M...
Starting SCP run 9 for 1M...
Starting SCP run 0 for 10M...
Starting SCP run 1 for 10M...
Starting SCP run 2 for 10M...
Starting SCP run 3 for 10M...
Starting SCP run 4 for 10M...
Starting SCP run 5 for 10M...
Starting SCP run 6 for 10M...
Starting SCP run 7 for 10M...
Starting SCP run 8 for 10M...
Starting SCP run 9 for 10M...

Closing SSH control connection...
Time: 4.163849s
Time: 3.234439s
Time: 3.272990s
Time: 3.237334s
Time: 3.221102s
Time: 3.213743s
Time: 3.217559s
Time: 3.263707s
Time: 3.229636s
Time: 3.231838s
Time: 3.336196s
Time: 3.216662s
Time: 3.242805s
Time: 3.320366s
Time: 3.230860s
Time: 3.217023s
Time: 3.221181s
Time: 3.214292s
Time: 3.233928s
Time: 3.228750s
Time: 3.223453s
Time: 3.289165s
Time: 3.222424s
Time: 3.249837s
Time: 3.232447s
Time: 3.229984s
Time: 3.243256s
Time: 3.240515s
Time: 3.217728s
Time: 3.221140s
Time: 3.552107s
Time: 3.632716s
Time: 3.569530s
Time: 3.549058s
Time: 3.441956s
Time: 3.911688s
Time: 3.543320s
Time: 3.542317s
Time: 3.540411s
Time: 3.426172s
Time: 4.688439s
Time: 4.706280s
Time: 4.691645s
Time: 4.748964s
Time: 4.700720s
Time: 4.796365s
Time: 4.694822s
Time: 4.702506s
Time: 4.747198s
Time: 4.729735s
All SCP runs complete.
Data saved to results/scp_data5.json
Reading data from results/scp_data5.json
Saved results/scp_data5_boxplot.png
Saved results/scp_data5_linear.png
linear: R² = 0.9857

Fitting convex quadratic (convexity only, no monotonicity constraint):
Fitted convex quadratic: a=1.179792e-23, b=1.450744e-04, c=3.266564e+00
Curve shape: monotonically increasing
Saved results/scp_data5_quadratic.png
quadratic: R² for quadratic fit: 0.9857

Monotonicity check (derivative at data points):
  Min derivative: 1.450744e-04
  Max derivative: 1.450744e-04
  [OK] Curve is monotonically increasing over data range

Fitting logarithmic model: y = a*log(x) + b
Saved results/scp_data5_logarithmic.png
logarithmic: y = 1.415319e-01*log(x) + 2.937170e+00
logarithmic: R² = 0.6517

Fitting exponential model: y = a*exp(b*x)
Saved results/scp_data5_exponential.png
exponential: y = 3.270266e+00*exp(3.678759e-05*x)
exponential: R² = 0.9818

Saved results/scp_data_analyzed5.json
Saved R² summary: results/scp_data_r_squared5.json
Fri Feb  6 14:03:36 PST 2026: Hourly run completed
Opening persistent SSH connection...
SSH control connection established

Starting SCP run 0 for 1K...
Starting SCP run 1 for 1K...
Starting SCP run 2 for 1K...
Starting SCP run 3 for 1K...
Starting SCP run 4 for 1K...
Starting SCP run 5 for 1K...
Starting SCP run 6 for 1K...
Starting SCP run 7 for 1K...
Starting SCP run 8 for 1K...
Starting SCP run 9 for 1K...
Starting SCP run 0 for 10K...
Starting SCP run 1 for 10K...
Starting SCP run 2 for 10K...
Starting SCP run 3 for 10K...
Starting SCP run 4 for 10K...
Starting SCP run 5 for 10K...
Starting SCP run 6 for 10K...
Starting SCP run 7 for 10K...
Starting SCP run 8 for 10K...
Starting SCP run 9 for 10K...
Starting SCP run 0 for 100K...
Starting SCP run 1 for 100K...
Starting SCP run 2 for 100K...
Starting SCP run 3 for 100K...
Starting SCP run 4 for 100K...
Starting SCP run 5 for 100K...
Starting SCP run 6 for 100K...
Starting SCP run 7 for 100K...
Starting SCP run 8 for 100K...
Starting SCP run 9 for 100K...
Starting SCP run 0 for 1M...
Starting SCP run 1 for 1M...
Starting SCP run 2 for 1M...
Starting SCP run 3 for 1M...
Starting SCP run 4 for 1M...
Starting SCP run 5 for 1M...
Starting SCP run 6 for 1M...
Starting SCP run 7 for 1M...
Starting SCP run 8 for 1M...
Starting SCP run 9 for 1M...
Starting SCP run 0 for 10M...
Starting SCP run 1 for 10M...
Starting SCP run 2 for 10M...
Starting SCP run 3 for 10M...
Starting SCP run 4 for 10M...
Starting SCP run 5 for 10M...
Starting SCP run 6 for 10M...
Starting SCP run 7 for 10M...
Starting SCP run 8 for 10M...
Starting SCP run 9 for 10M...

Closing SSH control connection...
Time: 4.299567s
Time: 3.352222s
Time: 3.363413s
Time: 3.371954s
Time: 3.354123s
Time: 3.389430s
Time: 3.398816s
Time: 3.377545s
Time: 3.361945s
Time: 3.367707s
Time: 3.403115s
Time: 3.374090s
Time: 3.590255s
Time: 3.362675s
Time: 3.381879s
Time: 3.380689s
Time: 3.403435s
Time: 3.381545s
Time: 3.385318s
Time: 3.396595s
Time: 3.396231s
Time: 3.395439s
Time: 3.392744s
Time: 3.381215s
Time: 3.398158s
Time: 3.400264s
Time: 3.377524s
Time: 3.390022s
Time: 3.397638s
Time: 3.373271s
Time: 3.591620s
Time: 3.731154s
Time: 3.713704s
Time: 3.738499s
Time: 3.604207s
Time: 3.630045s
Time: 3.626032s
Time: 3.622429s
Time: 3.579111s
Time: 3.741803s
Time: 4.952149s
Time: 4.921885s
Time: 4.937534s
Time: 6.639309s
Time: 5.197274s
Time: 5.102703s
Time: 4.913391s
Time: 4.918727s
Time: 4.973335s
Time: 4.918149s
All SCP runs complete.
Data saved to results/scp_data6.json
Reading data from results/scp_data6.json
Saved results/scp_data6_boxplot.png
Saved results/scp_data6_linear.png
linear: R² = 0.9962

Fitting convex quadratic (convexity only, no monotonicity constraint):
Fitted convex quadratic: a=4.926386e-25, b=1.553028e-04, c=3.398966e+00
Curve shape: monotonically increasing
Saved results/scp_data6_quadratic.png
quadratic: R² for quadratic fit: 0.9962

Monotonicity check (derivative at data points):
  Min derivative: 1.553028e-04
  Max derivative: 1.553028e-04
  [OK] Curve is monotonically increasing over data range

Fitting logarithmic model: y = a*log(x) + b
Saved results/scp_data6_logarithmic.png
logarithmic: y = 1.474196e-01*log(x) + 3.065188e+00
logarithmic: R² = 0.6236

Fitting exponential model: y = a*exp(b*x)
Saved results/scp_data6_exponential.png
exponential: y = 3.404378e+00*exp(3.758123e-05*x)
exponential: R² = 0.9940

Saved results/scp_data_analyzed6.json
Saved R² summary: results/scp_data_r_squared6.json
Fri Feb  6 15:03:35 PST 2026: Hourly run completed
Opening persistent SSH connection...
SSH control connection established

Starting SCP run 0 for 1K...
Starting SCP run 1 for 1K...
Starting SCP run 2 for 1K...
Starting SCP run 3 for 1K...
Starting SCP run 4 for 1K...
Starting SCP run 5 for 1K...
Starting SCP run 6 for 1K...
Starting SCP run 7 for 1K...
Starting SCP run 8 for 1K...
Starting SCP run 9 for 1K...
Starting SCP run 0 for 10K...
Starting SCP run 1 for 10K...
Starting SCP run 2 for 10K...
Starting SCP run 3 for 10K...
Starting SCP run 4 for 10K...
Starting SCP run 5 for 10K...
Starting SCP run 6 for 10K...
Starting SCP run 7 for 10K...
Starting SCP run 8 for 10K...
Starting SCP run 9 for 10K...
Starting SCP run 0 for 100K...
Starting SCP run 1 for 100K...
Starting SCP run 2 for 100K...
Starting SCP run 3 for 100K...
Starting SCP run 4 for 100K...
Starting SCP run 5 for 100K...
Starting SCP run 6 for 100K...
Starting SCP run 7 for 100K...
Starting SCP run 8 for 100K...
Starting SCP run 9 for 100K...
Starting SCP run 0 for 1M...
Starting SCP run 1 for 1M...
Starting SCP run 2 for 1M...
Starting SCP run 3 for 1M...
Starting SCP run 4 for 1M...
Starting SCP run 5 for 1M...
Starting SCP run 6 for 1M...
Starting SCP run 7 for 1M...
Starting SCP run 8 for 1M...
Starting SCP run 9 for 1M...
Starting SCP run 0 for 10M...
Starting SCP run 1 for 10M...
Starting SCP run 2 for 10M...
Starting SCP run 3 for 10M...
Starting SCP run 4 for 10M...
Starting SCP run 5 for 10M...
Starting SCP run 6 for 10M...
Starting SCP run 7 for 10M...
Starting SCP run 8 for 10M...
Starting SCP run 9 for 10M...

Closing SSH control connection...
Time: 4.846627s
Time: 3.515577s
Time: 3.557313s
Time: 3.518046s
Time: 3.515273s
Time: 3.571960s
Time: 3.496315s
Time: 3.500700s
Time: 3.561419s
Time: 3.544194s
Time: 4.392807s
Time: 3.418773s
Time: 3.502901s
Time: 3.567018s
Time: 3.520141s
Time: 3.498964s
Time: 3.567383s
Time: 3.501450s
Time: 3.508876s
Time: 3.555707s
Time: 3.532850s
Time: 3.494370s
Time: 3.609986s
Time: 3.570989s
Time: 3.770175s
Time: 5.542526s
Time: 3.474380s
Time: 3.419797s
Time: 3.332173s
Time: 3.324155s
Time: 3.655974s
Time: 3.659301s
Time: 3.666779s
Time: 3.648221s
Time: 3.643866s
Time: 3.510518s
Time: 3.663122s
Time: 3.645384s
Time: 7.318841s
Time: 3.914349s
Time: 5.812304s
Time: 5.084263s
Time: 4.893958s
Time: 5.123413s
Time: 4.977191s
Time: 4.972477s
Time: 5.024822s
Time: 4.920546s
Time: 4.920388s
Time: 4.944309s
All SCP runs complete.
Data saved to results/scp_data7.json
Reading data from results/scp_data7.json
Saved results/scp_data7_boxplot.png
Saved results/scp_data7_linear.png
linear: R² = 0.9997

Fitting convex quadratic (convexity only, no monotonicity constraint):
Fitted convex quadratic: a=5.745670e-10, b=1.402271e-04, c=3.515122e+00
Curve shape: monotonically increasing
Saved results/scp_data7_quadratic.png
quadratic: R² for quadratic fit: 0.9997

Monotonicity check (derivative at data points):
  Min derivative: 1.402282e-04
  Max derivative: 1.517184e-04
  [OK] Curve is monotonically increasing over data range

Fitting logarithmic model: y = a*log(x) + b
Saved results/scp_data7_logarithmic.png
logarithmic: y = 1.316154e-01*log(x) + 3.232230e+00
logarithmic: R² = 0.5638

Fitting exponential model: y = a*exp(b*x)
Saved results/scp_data7_exponential.png
exponential: y = 3.519390e+00*exp(3.464404e-05*x)
exponential: R² = 0.9996

Saved results/scp_data_analyzed7.json
Saved R² summary: results/scp_data_r_squared7.json
Fri Feb  6 16:03:42 PST 2026: Hourly run completed
kex_exchange_identification: read: Connection reset by peer
Connection reset by 167.99.128.200 port 22
Opening persistent SSH connection...
Traceback (most recent call last):
  File "/Users/oliviacognetti/Downloads/Research/file-xfer-experiments/scpSpeed1.py", line 29, in <module>
    subprocess.run(
  File "/Library/Developer/CommandLineTools/Library/Frameworks/Python3.framework/Versions/3.9/lib/python3.9/subprocess.py", line 528, in run
    raise CalledProcessError(retcode, process.args,
subprocess.CalledProcessError: Command '['ssh', '-MNf', '-o', 'ControlMaster=yes', '-o', 'ControlPath=/tmp/ssh_ctrl_%h_%p_%r', '-o', 'ControlPersist=120s', 'root@167.99.128.200']' returned non-zero exit status 255.
Reading data from results/scp_data7.json
Saved results/scp_data7_boxplot.png
Saved results/scp_data7_linear.png
linear: R² = 0.9997

Fitting convex quadratic (convexity only, no monotonicity constraint):
Fitted convex quadratic: a=5.745670e-10, b=1.402271e-04, c=3.515122e+00
Curve shape: monotonically increasing
Saved results/scp_data7_quadratic.png
quadratic: R² for quadratic fit: 0.9997

Monotonicity check (derivative at data points):
  Min derivative: 1.402282e-04
  Max derivative: 1.517184e-04
  [OK] Curve is monotonically increasing over data range

Fitting logarithmic model: y = a*log(x) + b
Saved results/scp_data7_logarithmic.png
logarithmic: y = 1.316154e-01*log(x) + 3.232230e+00
logarithmic: R² = 0.5638

Fitting exponential model: y = a*exp(b*x)
Saved results/scp_data7_exponential.png
exponential: y = 3.519390e+00*exp(3.464404e-05*x)
exponential: R² = 0.9996

Saved results/scp_data_analyzed7.json
Saved R² summary: results/scp_data_r_squared7.json
Fri Feb  6 21:05:30 PST 2026: Hourly run completed
Opening persistent SSH connection...
SSH control connection established

Starting SCP run 0 for 1K...
Starting SCP run 1 for 1K...
Starting SCP run 2 for 1K...
Starting SCP run 3 for 1K...
Starting SCP run 4 for 1K...
Starting SCP run 5 for 1K...
Starting SCP run 6 for 1K...
Starting SCP run 7 for 1K...
Starting SCP run 8 for 1K...
Starting SCP run 9 for 1K...
Starting SCP run 0 for 10K...
Starting SCP run 1 for 10K...
Starting SCP run 2 for 10K...
Starting SCP run 3 for 10K...
Starting SCP run 4 for 10K...
Starting SCP run 5 for 10K...
Starting SCP run 6 for 10K...
Starting SCP run 7 for 10K...
Starting SCP run 8 for 10K...
Starting SCP run 9 for 10K...
Starting SCP run 0 for 100K...
Starting SCP run 1 for 100K...
Starting SCP run 2 for 100K...
Starting SCP run 3 for 100K...
Starting SCP run 4 for 100K...
Starting SCP run 5 for 100K...
Starting SCP run 6 for 100K...
Starting SCP run 7 for 100K...
Starting SCP run 8 for 100K...
Starting SCP run 9 for 100K...
Starting SCP run 0 for 1M...
Starting SCP run 1 for 1M...
Starting SCP run 2 for 1M...
Starting SCP run 3 for 1M...
Starting SCP run 4 for 1M...
Starting SCP run 5 for 1M...
Starting SCP run 6 for 1M...
Starting SCP run 7 for 1M...
Starting SCP run 8 for 1M...
Starting SCP run 9 for 1M...
Starting SCP run 0 for 10M...
Starting SCP run 1 for 10M...
Starting SCP run 2 for 10M...
Starting SCP run 3 for 10M...
Starting SCP run 4 for 10M...
Starting SCP run 5 for 10M...
Starting SCP run 6 for 10M...
Starting SCP run 7 for 10M...
Starting SCP run 8 for 10M...
Starting SCP run 9 for 10M...

Closing SSH control connection...
Time: 4.655478s
Time: 3.562146s
Time: 3.678926s
Time: 3.515131s
Time: 3.578861s
Time: 3.728554s
Time: 3.634202s
Time: 3.461342s
Time: 3.506948s
Time: 3.606148s
Time: 3.530638s
Time: 3.534010s
Time: 3.422559s
Time: 3.545557s
Time: 3.528408s
Time: 3.507213s
Time: 3.554650s
Time: 3.518454s
Time: 3.514517s
Time: 3.552617s
Time: 3.915583s
Time: 3.691179s
Time: 3.797661s
Time: 3.500302s
Time: 3.584206s
Time: 3.531145s
Time: 3.428326s
Time: 3.550571s
Time: 3.590487s
Time: 3.563575s
Time: 3.874691s
Time: 3.932933s
Time: 3.682253s
Time: 3.880348s
Time: 3.888890s
Time: 3.936215s
Time: 3.900979s
Time: 3.716917s
Time: 3.898954s
Time: 4.052836s
Time: 5.100303s
Time: 6.924302s
Time: 5.271917s
Time: 5.256125s
Time: 5.185025s
Time: 4.630564s
Time: 4.591218s
Time: 4.725507s
Time: 4.612063s
Time: 4.714739s
All SCP runs complete.
Data saved to results/scp_data8.json
Reading data from results/scp_data8.json
Saved results/scp_data8_boxplot.png
Saved results/scp_data8_linear.png
linear: R² = 0.9760

Fitting convex quadratic (convexity only, no monotonicity constraint):
Fitted convex quadratic: a=0.000000e+00, b=1.320800e-04, c=3.607041e+00
Curve shape: monotonically increasing
Saved results/scp_data8_quadratic.png
quadratic: R² for quadratic fit: 0.9760

Monotonicity check (derivative at data points):
  Min derivative: 1.320800e-04
  Max derivative: 1.320800e-04
  [OK] Curve is monotonically increasing over data range

Fitting logarithmic model: y = a*log(x) + b
Saved results/scp_data8_logarithmic.png
logarithmic: y = 1.305142e-01*log(x) + 3.299509e+00
logarithmic: R² = 0.6620

Fitting exponential model: y = a*exp(b*x)
Saved results/scp_data8_exponential.png
exponential: y = 3.609282e+00*exp(3.126677e-05*x)
exponential: R² = 0.9719

Saved results/scp_data_analyzed8.json
Saved R² summary: results/scp_data_r_squared8.json
Sat Feb  7 14:03:39 PST 2026: Hourly run completed
Opening persistent SSH connection...
SSH control connection established

Starting SCP run 0 for 1K...
Starting SCP run 1 for 1K...
Starting SCP run 2 for 1K...
Starting SCP run 3 for 1K...
Starting SCP run 4 for 1K...
Starting SCP run 5 for 1K...
SCP failed!
ssh: connect to host 167.99.128.200 port 22: Operation timed out
scp: Connection closed

Starting SCP run 0 for 10K...
Starting SCP run 1 for 10K...
Starting SCP run 2 for 10K...
Starting SCP run 3 for 10K...
Starting SCP run 4 for 10K...
SCP failed!
ssh: connect to host 167.99.128.200 port 22: Operation timed out
scp: Connection closed

Starting SCP run 0 for 100K...
Starting SCP run 1 for 100K...
Starting SCP run 2 for 100K...
Starting SCP run 3 for 100K...
SCP failed!
ssh_dispatch_run_fatal: Connection to 167.99.128.200 port 22: Operation timed out
scp: Connection closed

Starting SCP run 0 for 1M...
SCP failed!
Read from remote host 167.99.128.200: Connection reset by peer
client_loop: send disconnect: Broken pipe
scp: Connection closed

Starting SCP run 0 for 10M...
Starting SCP run 1 for 10M...
Starting SCP run 2 for 10M...
Starting SCP run 3 for 10M...
SCP failed!
ssh: connect to host 167.99.128.200 port 22: Operation timed out
scp: Connection closed


Closing SSH control connection...
Time: 3.834245s
Time: 5.516591s
Time: 4.898536s
Time: 4.866618s
Time: 5.177108s
Time: 8.679179s
Time: 5.553116s
Time: 6.141949s
Time: 6.349952s
Time: 5.866854s
Time: 6.201290s
Time: 6.838678s
Time: 8.628673s
Time: 5.469108s
Time: 47.079868s
Time: 7207.286867s
Time: 8.020977s
Time: 9.126028s
Time: 7.874140s
Time: 22.212694s
All SCP runs complete.
Data saved to results/scp_data9.json
/Users/oliviacognetti/Library/Python/3.9/lib/python/site-packages/numpy/_core/fromnumeric.py:3596: RuntimeWarning: Mean of empty slice.
  return _methods._mean(a, axis=axis, dtype=dtype,
/Users/oliviacognetti/Library/Python/3.9/lib/python/site-packages/numpy/_core/_methods.py:138: RuntimeWarning: invalid value encountered in scalar divide
  ret = ret.dtype.type(ret / rcount)
Reading data from results/scp_data9.json
Saved results/scp_data9_boxplot.png
Saved results/scp_data9_linear.png
linear: R² = nan

Fitting convex quadratic (convexity only, no monotonicity constraint):
Warning: Optimization did not converge: Iteration limit reached
Using best available solution anyway.
Fitted convex quadratic: a=nan, b=nan, c=nan
Curve shape: approximately linear
Saved results/scp_data9_quadratic.png
quadratic: R² for quadratic fit: nan

Monotonicity check (derivative at data points):
  Min derivative: nan
  Max derivative: nan
  [WARN] Curve is not strictly monotonic over data range

Fitting logarithmic model: y = a*log(x) + b
Saved results/scp_data9_logarithmic.png
logarithmic: y = nan*log(x) + nan
logarithmic: R² = nan

Fitting exponential model: y = a*exp(b*x)
Warning: Cannot fit exponential model - some median values are not positive

Saved results/scp_data_analyzed9.json
Saved R² summary: results/scp_data_r_squared9.json
Sat Feb  7 14:37:47 PST 2026: Hourly run completed
Opening persistent SSH connection...
SSH control connection established

Starting SCP run 0 for 1K...
Starting SCP run 1 for 1K...
Starting SCP run 2 for 1K...
Starting SCP run 3 for 1K...
Starting SCP run 4 for 1K...
Starting SCP run 5 for 1K...
Starting SCP run 6 for 1K...
Starting SCP run 7 for 1K...
SCP failed!
ssh: connect to host 167.99.128.200 port 22: Operation timed out
scp: Connection closed

Starting SCP run 0 for 10K...
SCP failed!
ssh: connect to host 167.99.128.200 port 22: Operation timed out
scp: Connection closed

Starting SCP run 0 for 100K...
SCP failed!
ssh: connect to host 167.99.128.200 port 22: Operation timed out
scp: Connection closed

Starting SCP run 0 for 1M...
SCP failed!
ssh: connect to host 167.99.128.200 port 22: Operation timed out
scp: Connection closed

Starting SCP run 0 for 10M...
SCP failed!
ssh: connect to host 167.99.128.200 port 22: Operation timed out
scp: Connection closed


Closing SSH control connection...
Time: 4.635149s
Time: 5.494607s
Time: 122.999483s
Time: 5.384065s
Time: 5.257986s
Time: 5.020656s
Time: 5.320836s
Time: 23.129210s
Time: 20.541581s
Time: 20.545874s
Time: 20.524797s
Time: 20.522498s
All SCP runs complete.
Data saved to results/scp_data10.json
/Users/oliviacognetti/Library/Python/3.9/lib/python/site-packages/numpy/_core/fromnumeric.py:3596: RuntimeWarning: Mean of empty slice.
  return _methods._mean(a, axis=axis, dtype=dtype,
/Users/oliviacognetti/Library/Python/3.9/lib/python/site-packages/numpy/_core/_methods.py:138: RuntimeWarning: invalid value encountered in scalar divide
  ret = ret.dtype.type(ret / rcount)
Reading data from results/scp_data10.json
Saved results/scp_data10_boxplot.png
Saved results/scp_data10_linear.png
linear: R² = nan

Fitting convex quadratic (convexity only, no monotonicity constraint):
Warning: Optimization did not converge: Iteration limit reached
Using best available solution anyway.
Fitted convex quadratic: a=nan, b=nan, c=nan
Curve shape: approximately linear
Saved results/scp_data10_quadratic.png
quadratic: R² for quadratic fit: nan

Monotonicity check (derivative at data points):
  Min derivative: nan
  Max derivative: nan
  [WARN] Curve is not strictly monotonic over data range

Fitting logarithmic model: y = a*log(x) + b
Saved results/scp_data10_logarithmic.png
logarithmic: y = nan*log(x) + nan
logarithmic: R² = nan

Fitting exponential model: y = a*exp(b*x)
Warning: Cannot fit exponential model - some median values are not positive

Saved results/scp_data_analyzed10.json
Saved R² summary: results/scp_data_r_squared10.json
Sat Feb  7 15:12:29 PST 2026: Hourly run completed
Connection reset by 167.99.128.200 port 22
Opening persistent SSH connection...
Traceback (most recent call last):
  File "/Users/oliviacognetti/Downloads/Research/file-xfer-experiments/scpSpeed1.py", line 29, in <module>
    subprocess.run(
  File "/Library/Developer/CommandLineTools/Library/Frameworks/Python3.framework/Versions/3.9/lib/python3.9/subprocess.py", line 528, in run
    raise CalledProcessError(retcode, process.args,
subprocess.CalledProcessError: Command '['ssh', '-MNf', '-o', 'ControlMaster=yes', '-o', 'ControlPath=/tmp/ssh_ctrl_%h_%p_%r', '-o', 'ControlPersist=120s', 'root@167.99.128.200']' returned non-zero exit status 255.
/Users/oliviacognetti/Library/Python/3.9/lib/python/site-packages/numpy/_core/fromnumeric.py:3596: RuntimeWarning: Mean of empty slice.
  return _methods._mean(a, axis=axis, dtype=dtype,
/Users/oliviacognetti/Library/Python/3.9/lib/python/site-packages/numpy/_core/_methods.py:138: RuntimeWarning: invalid value encountered in scalar divide
  ret = ret.dtype.type(ret / rcount)
Reading data from results/scp_data10.json
Saved results/scp_data10_boxplot.png
Saved results/scp_data10_linear.png
linear: R² = nan

Fitting convex quadratic (convexity only, no monotonicity constraint):
Warning: Optimization did not converge: Iteration limit reached
Using best available solution anyway.
Fitted convex quadratic: a=nan, b=nan, c=nan
Curve shape: approximately linear
Saved results/scp_data10_quadratic.png
quadratic: R² for quadratic fit: nan

Monotonicity check (derivative at data points):
  Min derivative: nan
  Max derivative: nan
  [WARN] Curve is not strictly monotonic over data range

Fitting logarithmic model: y = a*log(x) + b
Saved results/scp_data10_logarithmic.png
logarithmic: y = nan*log(x) + nan
logarithmic: R² = nan

Fitting exponential model: y = a*exp(b*x)
Warning: Cannot fit exponential model - some median values are not positive

Saved results/scp_data_analyzed10.json
Saved R² summary: results/scp_data_r_squared10.json
Sat Feb  7 15:38:56 PST 2026: Hourly run completed
Opening persistent SSH connection...
SSH control connection established

Starting SCP run 0 for 1K...
Starting SCP run 1 for 1K...
Starting SCP run 2 for 1K...
Starting SCP run 3 for 1K...
Starting SCP run 4 for 1K...
Starting SCP run 5 for 1K...
Starting SCP run 6 for 1K...
Starting SCP run 7 for 1K...
Starting SCP run 8 for 1K...
Starting SCP run 9 for 1K...
Starting SCP run 0 for 10K...
Starting SCP run 1 for 10K...
Starting SCP run 2 for 10K...
Starting SCP run 3 for 10K...
Starting SCP run 4 for 10K...
Starting SCP run 5 for 10K...
Starting SCP run 6 for 10K...
Starting SCP run 7 for 10K...
Starting SCP run 8 for 10K...
Starting SCP run 9 for 10K...
Starting SCP run 0 for 100K...
Starting SCP run 1 for 100K...
Starting SCP run 2 for 100K...
Starting SCP run 3 for 100K...
Starting SCP run 4 for 100K...
Starting SCP run 5 for 100K...
Starting SCP run 6 for 100K...
Starting SCP run 7 for 100K...
Starting SCP run 8 for 100K...
Starting SCP run 9 for 100K...
Starting SCP run 0 for 1M...
Starting SCP run 1 for 1M...
Starting SCP run 2 for 1M...
Starting SCP run 3 for 1M...
Starting SCP run 4 for 1M...
Starting SCP run 5 for 1M...
Starting SCP run 6 for 1M...
Starting SCP run 7 for 1M...
Starting SCP run 8 for 1M...
Starting SCP run 9 for 1M...
Starting SCP run 0 for 10M...
Starting SCP run 1 for 10M...
Starting SCP run 2 for 10M...
Starting SCP run 3 for 10M...
Starting SCP run 4 for 10M...
Starting SCP run 5 for 10M...
Starting SCP run 6 for 10M...
Starting SCP run 7 for 10M...
Starting SCP run 8 for 10M...
Starting SCP run 9 for 10M...

Closing SSH control connection...
Time: 4.139892s
Time: 3.729061s
Time: 3.588947s
Time: 3.688618s
Time: 3.807609s
Time: 3.571143s
Time: 3.591735s
Time: 3.898292s
Time: 3.897032s
Time: 4.140231s
Time: 3.732094s
Time: 3.918781s
Time: 3.843558s
Time: 3.447959s
Time: 3.544862s
Time: 3.545646s
Time: 3.462789s
Time: 3.450589s
Time: 3.478341s
Time: 3.441728s
Time: 3.465935s
Time: 3.468382s
Time: 3.472349s
Time: 3.454527s
Time: 3.452028s
Time: 3.492595s
Time: 3.461498s
Time: 3.465349s
Time: 16.705290s
Time: 3.753471s
Time: 4.154749s
Time: 4.025945s
Time: 5.761522s
Time: 6.283341s
Time: 4.134670s
Time: 4.199094s
Time: 4.126888s
Time: 4.563842s
Time: 5.613393s
Time: 9.034764s
Time: 13.777507s
Time: 10.609230s
Time: 9.738269s
Time: 14.230922s
Time: 15.770709s
Time: 14.286169s
Time: 6.926921s
Time: 7.226835s
Time: 5.697714s
Time: 5.309179s
All SCP runs complete.
Data saved to results/scp_data11.json
Reading data from results/scp_data11.json
Saved results/scp_data11_boxplot.png
Saved results/scp_data11_linear.png
linear: R² = 0.9972

Fitting convex quadratic (convexity only, no monotonicity constraint):
Fitted convex quadratic: a=2.703489e-24, b=6.587823e-04, c=3.596516e+00
Curve shape: monotonically increasing
Saved results/scp_data11_quadratic.png
quadratic: R² for quadratic fit: 0.9972

Monotonicity check (derivative at data points):
  Min derivative: 6.587823e-04
  Max derivative: 6.587823e-04
  [OK] Curve is monotonically increasing over data range

Fitting logarithmic model: y = a*log(x) + b
Saved results/scp_data11_logarithmic.png
logarithmic: y = 5.941451e-01*log(x) + 2.324323e+00
logarithmic: R² = 0.5635

Fitting exponential model: y = a*exp(b*x)
Saved results/scp_data11_exponential.png
exponential: y = 3.652446e+00*exp(1.031635e-04*x)
exponential: R² = 0.9940

Saved results/scp_data_analyzed11.json
Saved R² summary: results/scp_data_r_squared11.json
Sat Feb  7 17:07:53 PST 2026: Hourly run completed
Opening persistent SSH connection...
SSH control connection established

Starting SCP run 0 for 1K...
Starting SCP run 1 for 1K...
Starting SCP run 2 for 1K...
Starting SCP run 3 for 1K...
Starting SCP run 4 for 1K...
Starting SCP run 5 for 1K...
Starting SCP run 6 for 1K...
Starting SCP run 7 for 1K...
Starting SCP run 8 for 1K...
Starting SCP run 9 for 1K...
Starting SCP run 0 for 10K...
Starting SCP run 1 for 10K...
Starting SCP run 2 for 10K...
Starting SCP run 3 for 10K...
Starting SCP run 4 for 10K...
Starting SCP run 5 for 10K...
Starting SCP run 6 for 10K...
Starting SCP run 7 for 10K...
Starting SCP run 8 for 10K...
Starting SCP run 9 for 10K...
Starting SCP run 0 for 100K...
Starting SCP run 1 for 100K...
Starting SCP run 2 for 100K...
Starting SCP run 3 for 100K...
Starting SCP run 4 for 100K...
Starting SCP run 5 for 100K...
Starting SCP run 6 for 100K...
Starting SCP run 7 for 100K...
Starting SCP run 8 for 100K...
Starting SCP run 9 for 100K...
Starting SCP run 0 for 1M...
Starting SCP run 1 for 1M...
Starting SCP run 2 for 1M...
Starting SCP run 3 for 1M...
Starting SCP run 4 for 1M...
Starting SCP run 5 for 1M...
Starting SCP run 6 for 1M...
Starting SCP run 7 for 1M...
Starting SCP run 8 for 1M...
Starting SCP run 9 for 1M...
Starting SCP run 0 for 10M...
Starting SCP run 1 for 10M...
Starting SCP run 2 for 10M...
Starting SCP run 3 for 10M...
Starting SCP run 4 for 10M...
Starting SCP run 5 for 10M...
Starting SCP run 6 for 10M...
Starting SCP run 7 for 10M...
Starting SCP run 8 for 10M...
Starting SCP run 9 for 10M...

Closing SSH control connection...
Time: 4.498653s
Time: 3.600774s
Time: 3.605054s
Time: 3.727988s
Time: 3.660994s
Time: 3.681830s
Time: 3.599945s
Time: 3.691975s
Time: 3.596022s
Time: 3.957636s
Time: 3.837335s
Time: 3.689751s
Time: 3.681195s
Time: 3.861626s
Time: 3.695199s
Time: 4.167849s
Time: 3.907090s
Time: 3.571194s
Time: 3.546539s
Time: 3.625709s
Time: 3.726651s
Time: 3.712019s
Time: 3.818254s
Time: 4.522565s
Time: 4.518775s
Time: 3.812667s
Time: 3.562304s
Time: 3.580281s
Time: 3.585446s
Time: 3.554725s
Time: 4.282655s
Time: 3.950961s
Time: 3.965412s
Time: 3.918647s
Time: 4.257445s
Time: 3.902680s
Time: 3.859840s
Time: 3.818912s
Time: 3.912762s
Time: 3.934686s
Time: 6.029048s
Time: 6.487228s
Time: 6.487237s
Time: 6.289115s
Time: 5.565619s
Time: 4.932786s
Time: 4.843221s
Time: 4.938432s
Time: 4.898342s
Time: 4.899212s
All SCP runs complete.
Data saved to results/scp_data12.json
Reading data from results/scp_data12.json
Saved results/scp_data12_boxplot.png
Saved results/scp_data12_linear.png
linear: R² = 0.9969

Fitting convex quadratic (convexity only, no monotonicity constraint):
Fitted convex quadratic: a=4.926386e-25, b=1.550517e-04, c=3.707827e+00
Curve shape: monotonically increasing
Saved results/scp_data12_quadratic.png
quadratic: R² for quadratic fit: 0.9969

Monotonicity check (derivative at data points):
  Min derivative: 1.550517e-04
  Max derivative: 1.550517e-04
  [OK] Curve is monotonically increasing over data range

Fitting logarithmic model: y = a*log(x) + b
Saved results/scp_data12_logarithmic.png
logarithmic: y = 1.474611e-01*log(x) + 3.373299e+00
logarithmic: R² = 0.6264

Fitting exponential model: y = a*exp(b*x)
Saved results/scp_data12_exponential.png
exponential: y = 3.713009e+00*exp(3.488527e-05*x)
exponential: R² = 0.9951

Saved results/scp_data_analyzed12.json
Saved R² summary: results/scp_data_r_squared12.json
Sat Feb  7 18:03:48 PST 2026: Hourly run completed
ControlSocket /tmp/ssh_ctrl_167.99.128.200_22_root already exists, disabling multiplexing
Opening persistent SSH connection...
SSH control connection established

Starting SCP run 0 for 1K...
Starting SCP run 1 for 1K...
Starting SCP run 2 for 1K...
Starting SCP run 3 for 1K...
Starting SCP run 4 for 1K...
Starting SCP run 5 for 1K...
Starting SCP run 6 for 1K...
Starting SCP run 7 for 1K...
Starting SCP run 8 for 1K...
Starting SCP run 9 for 1K...
Starting SCP run 0 for 10K...
Starting SCP run 1 for 10K...
Starting SCP run 2 for 10K...
Starting SCP run 3 for 10K...
Starting SCP run 4 for 10K...
Starting SCP run 5 for 10K...
Starting SCP run 6 for 10K...
Starting SCP run 7 for 10K...
Starting SCP run 8 for 10K...
Starting SCP run 9 for 10K...
Starting SCP run 0 for 100K...
Starting SCP run 1 for 100K...
Starting SCP run 2 for 100K...
Starting SCP run 3 for 100K...
Starting SCP run 4 for 100K...
Starting SCP run 5 for 100K...
Starting SCP run 6 for 100K...
Starting SCP run 7 for 100K...
Starting SCP run 8 for 100K...
Starting SCP run 9 for 100K...
Starting SCP run 0 for 1M...
Starting SCP run 1 for 1M...
Starting SCP run 2 for 1M...
Starting SCP run 3 for 1M...
Starting SCP run 4 for 1M...
Starting SCP run 5 for 1M...
Starting SCP run 6 for 1M...
Starting SCP run 7 for 1M...
Starting SCP run 8 for 1M...
Starting SCP run 9 for 1M...
Starting SCP run 0 for 10M...
Starting SCP run 1 for 10M...
SCP failed!
lost connection


Closing SSH control connection...
Time: 4.598767s
Time: 3.491606s
Time: 3.494279s
Time: 3.432101s
Time: 3.420455s
Time: 3.413461s
Time: 3.437516s
Time: 3.472656s
Time: 3.467657s
Time: 3.436937s
Time: 3.453404s
Time: 3.426073s
Time: 3.420455s
Time: 3.412099s
Time: 3.438539s
Time: 3.416197s
Time: 3.427997s
Time: 3.436379s
Time: 3.506114s
Time: 3.474101s
Time: 3.433112s
Time: 3.476690s
Time: 3.416180s
Time: 3.422992s
Time: 3.432295s
Time: 3.442226s
Time: 3.423555s
Time: 3.448312s
Time: 3.465496s
Time: 3.423436s
Time: 3.775845s
Time: 3.618354s
Time: 18.711971s
Time: 26.877950s
Time: 20.940179s
Time: 17.837206s
Time: 17.122909s
Time: 17.672418s
Time: 18.012087s
Time: 17.010871s
Time: 110.583209s
Time: 2061.002685s
All SCP runs complete.
Data saved to results/scp_data13.json
Reading data from results/scp_data13.json
Saved results/scp_data13_boxplot.png
Saved results/scp_data13_linear.png
linear: R² = 0.9931

Fitting convex quadratic (convexity only, no monotonicity constraint):
Fitted convex quadratic: a=1.042229e-05, b=4.029699e-03, c=3.266850e+00
Curve shape: monotonically increasing
Saved results/scp_data13_quadratic.png
quadratic: R² for quadratic fit: 1.0000

Monotonicity check (derivative at data points):
  Min derivative: 4.050544e-03
  Max derivative: 2.124756e-01
  [OK] Curve is monotonically increasing over data range

Fitting logarithmic model: y = a*log(x) + b
Saved results/scp_data13_logarithmic.png
logarithmic: y = 9.463291e+01*log(x) + -2.130276e+02
logarithmic: R² = 0.5099

Fitting exponential model: y = a*exp(b*x)
Saved results/scp_data13_exponential.png
exponential: y = 4.347553e+00*exp(5.601949e-04*x)
exponential: R² = 0.9908

Saved results/scp_data_analyzed13.json
Saved R² summary: results/scp_data_r_squared13.json
Sun Feb  8 17:00:08 PST 2026: Hourly run completed
Opening persistent SSH connection...
SSH control connection established

Starting SCP run 0 for 1K...
Starting SCP run 1 for 1K...
Starting SCP run 2 for 1K...
Starting SCP run 3 for 1K...
SCP failed!
ssh: connect to host 167.99.128.200 port 22: Operation timed out
scp: Connection closed

Starting SCP run 0 for 10K...
SCP failed!
ssh: connect to host 167.99.128.200 port 22: Operation timed out
scp: Connection closed

Starting SCP run 0 for 100K...
SCP failed!
ssh: connect to host 167.99.128.200 port 22: Operation timed out
scp: Connection closed

Starting SCP run 0 for 1M...
SCP failed!
ssh: connect to host 167.99.128.200 port 22: Operation timed out
scp: Connection closed

Starting SCP run 0 for 10M...
SCP failed!
ssh: connect to host 167.99.128.200 port 22: Operation timed out
scp: Connection closed


Closing SSH control connection...
Time: 6.082750s
Time: 5.559266s
Time: 5.481478s
Time: 27.661772s
Time: 26.285920s
Time: 24.732370s
Time: 24.737065s
Time: 24.757068s
All SCP runs complete.
Data saved to results/scp_data14.json
/Users/oliviacognetti/Library/Python/3.9/lib/python/site-packages/numpy/_core/fromnumeric.py:3596: RuntimeWarning: Mean of empty slice.
  return _methods._mean(a, axis=axis, dtype=dtype,
/Users/oliviacognetti/Library/Python/3.9/lib/python/site-packages/numpy/_core/_methods.py:138: RuntimeWarning: invalid value encountered in scalar divide
  ret = ret.dtype.type(ret / rcount)
Reading data from results/scp_data14.json
Saved results/scp_data14_boxplot.png
Saved results/scp_data14_linear.png
linear: R² = nan

Fitting convex quadratic (convexity only, no monotonicity constraint):
Warning: Optimization did not converge: Iteration limit reached
Using best available solution anyway.
Fitted convex quadratic: a=nan, b=nan, c=nan
Curve shape: approximately linear
Saved results/scp_data14_quadratic.png
quadratic: R² for quadratic fit: nan

Monotonicity check (derivative at data points):
  Min derivative: nan
  Max derivative: nan
  [WARN] Curve is not strictly monotonic over data range

Fitting logarithmic model: y = a*log(x) + b
Saved results/scp_data14_logarithmic.png
logarithmic: y = nan*log(x) + nan
logarithmic: R² = nan

Fitting exponential model: y = a*exp(b*x)
Warning: Cannot fit exponential model - some median values are not positive

Saved results/scp_data_analyzed14.json
Saved R² summary: results/scp_data_r_squared14.json
Sun Feb  8 17:02:25 PST 2026: Hourly run completed
Opening persistent SSH connection...
SSH control connection established

Starting SCP run 0 for 1K...
Starting SCP run 1 for 1K...
Starting SCP run 2 for 1K...
Starting SCP run 3 for 1K...
Starting SCP run 4 for 1K...
Starting SCP run 5 for 1K...
Starting SCP run 6 for 1K...
Starting SCP run 7 for 1K...
Starting SCP run 8 for 1K...
Starting SCP run 9 for 1K...
Starting SCP run 0 for 10K...
Starting SCP run 1 for 10K...
Starting SCP run 2 for 10K...
Starting SCP run 3 for 10K...
Starting SCP run 4 for 10K...
Starting SCP run 5 for 10K...
Starting SCP run 6 for 10K...
Starting SCP run 7 for 10K...
Starting SCP run 8 for 10K...
Starting SCP run 9 for 10K...
Starting SCP run 0 for 100K...
Starting SCP run 1 for 100K...
Starting SCP run 2 for 100K...
Starting SCP run 3 for 100K...
Starting SCP run 4 for 100K...
Starting SCP run 5 for 100K...
Starting SCP run 6 for 100K...
Starting SCP run 7 for 100K...
Starting SCP run 8 for 100K...
Starting SCP run 9 for 100K...
Starting SCP run 0 for 1M...
Starting SCP run 1 for 1M...
Starting SCP run 2 for 1M...
Starting SCP run 3 for 1M...
Starting SCP run 4 for 1M...
Starting SCP run 5 for 1M...
Starting SCP run 6 for 1M...
Starting SCP run 7 for 1M...
Starting SCP run 8 for 1M...
Starting SCP run 9 for 1M...
Starting SCP run 0 for 10M...
Starting SCP run 1 for 10M...
Starting SCP run 2 for 10M...
Starting SCP run 3 for 10M...
Starting SCP run 4 for 10M...
Starting SCP run 5 for 10M...
Starting SCP run 6 for 10M...
Starting SCP run 7 for 10M...
Starting SCP run 8 for 10M...
Starting SCP run 9 for 10M...

Closing SSH control connection...
Time: 3.677480s
Time: 8.774943s
Time: 3.926163s
Time: 3.395596s
Time: 3.985570s
Time: 4.538530s
Time: 3.904422s
Time: 4.163439s
Time: 3.463145s
Time: 3.817135s
Time: 4.097661s
Time: 3.328216s
Time: 5.182675s
Time: 3.555187s
Time: 4.107963s
Time: 3.399752s
Time: 3.426916s
Time: 3.294986s
Time: 3.307617s
Time: 3.470909s
Time: 4.288783s
Time: 5.746735s
Time: 4.415130s
Time: 4.457434s
Time: 5.616839s
Time: 6.318986s
Time: 6.440479s
Time: 3.966550s
Time: 4.956376s
Time: 4.206066s
Time: 17.238343s
Time: 13.090220s
Time: 10.717137s
Time: 10.557313s
Time: 13.186673s
Time: 19.801679s
Time: 13.262035s
Time: 21.027343s
Time: 15.295859s
Time: 16.389834s
Time: 136.361751s
Time: 136.376054s
Time: 140.943040s
Time: 97.721343s
Time: 9.559527s
Time: 8.891737s
Time: 12.007598s
Time: 20.948946s
Time: 21.138517s
Time: 16.101170s
All SCP runs complete.
Data saved to results/scp_data15.json
Reading data from results/scp_data15.json
Saved results/scp_data15_boxplot.png
Saved results/scp_data15_linear.png
linear: R² = 0.7631

Fitting convex quadratic (convexity only, no monotonicity constraint):
Fitted convex quadratic: a=4.166547e-19, b=1.571122e-03, c=5.987406e+00
Curve shape: monotonically increasing
Saved results/scp_data15_quadratic.png
quadratic: R² for quadratic fit: 0.7631

Monotonicity check (derivative at data points):
  Min derivative: 1.571122e-03
  Max derivative: 1.571122e-03
  [OK] Curve is monotonically increasing over data range

Fitting logarithmic model: y = a*log(x) + b
Saved results/scp_data15_logarithmic.png
logarithmic: y = 1.958100e+00*log(x) + 4.613753e-01
logarithmic: R² = 0.8234

Fitting exponential model: y = a*exp(b*x)
Saved results/scp_data15_exponential.png
exponential: y = 5.154526e+00*exp(1.492208e-04*x)
exponential: R² = 0.6878

Saved results/scp_data_analyzed15.json
Saved R² summary: results/scp_data_r_squared15.json
Sun Feb  8 19:36:03 PST 2026: Hourly run completed
Opening persistent SSH connection...
SSH control connection established

Starting SCP run 0 for 1K...
Starting SCP run 1 for 1K...
Starting SCP run 2 for 1K...
Starting SCP run 3 for 1K...
Starting SCP run 4 for 1K...
Starting SCP run 5 for 1K...
Starting SCP run 6 for 1K...
Starting SCP run 7 for 1K...
Starting SCP run 8 for 1K...
Starting SCP run 9 for 1K...
Starting SCP run 0 for 10K...
Starting SCP run 1 for 10K...
Starting SCP run 2 for 10K...
Starting SCP run 3 for 10K...
Starting SCP run 4 for 10K...
Starting SCP run 5 for 10K...
Starting SCP run 6 for 10K...
Starting SCP run 7 for 10K...
Starting SCP run 8 for 10K...
Starting SCP run 9 for 10K...
Starting SCP run 0 for 100K...
Starting SCP run 1 for 100K...
Starting SCP run 2 for 100K...
Starting SCP run 3 for 100K...
Starting SCP run 4 for 100K...
Starting SCP run 5 for 100K...
Starting SCP run 6 for 100K...
Starting SCP run 7 for 100K...
Starting SCP run 8 for 100K...
Starting SCP run 9 for 100K...
Starting SCP run 0 for 1M...
Starting SCP run 1 for 1M...
Starting SCP run 2 for 1M...
Starting SCP run 3 for 1M...
Starting SCP run 4 for 1M...
Starting SCP run 5 for 1M...
Starting SCP run 6 for 1M...
Starting SCP run 7 for 1M...
Starting SCP run 8 for 1M...
Starting SCP run 9 for 1M...
Starting SCP run 0 for 10M...
Starting SCP run 1 for 10M...
Starting SCP run 2 for 10M...
Starting SCP run 3 for 10M...
Starting SCP run 4 for 10M...
Starting SCP run 5 for 10M...
Starting SCP run 6 for 10M...
Starting SCP run 7 for 10M...
Starting SCP run 8 for 10M...
Starting SCP run 9 for 10M...

Closing SSH control connection...
Time: 3.856936s
Time: 3.215548s
Time: 3.216898s
Time: 3.216164s
Time: 3.295903s
Time: 3.232535s
Time: 3.219558s
Time: 3.210368s
Time: 3.213472s
Time: 3.209474s
Time: 3.206601s
Time: 3.274967s
Time: 3.209875s
Time: 3.238755s
Time: 3.225638s
Time: 3.382732s
Time: 3.257897s
Time: 3.213076s
Time: 3.233554s
Time: 3.231815s
Time: 3.227660s
Time: 3.224567s
Time: 3.221007s
Time: 3.223988s
Time: 3.227402s
Time: 3.235143s
Time: 3.226032s
Time: 3.229700s
Time: 3.346940s
Time: 3.238824s
Time: 3.479083s
Time: 3.444128s
Time: 3.580809s
Time: 3.449009s
Time: 3.571445s
Time: 3.573741s
Time: 3.432782s
Time: 3.578529s
Time: 3.576683s
Time: 3.560271s
Time: 4.932783s
Time: 4.879587s
Time: 4.814046s
Time: 4.845705s
Time: 5.131069s
Time: 4.871002s
Time: 4.843340s
Time: 4.817731s
Time: 4.837377s
Time: 4.773305s
All SCP runs complete.
Data saved to results/scp_data16.json
Reading data from results/scp_data16.json
Saved results/scp_data16_boxplot.png
Saved results/scp_data16_linear.png
linear: R² = 0.9865

Fitting convex quadratic (convexity only, no monotonicity constraint):
Fitted convex quadratic: a=0.000000e+00, b=1.595425e-04, c=3.262890e+00
Curve shape: monotonically increasing
Saved results/scp_data16_quadratic.png
quadratic: R² for quadratic fit: 0.9865

Monotonicity check (derivative at data points):
  Min derivative: 1.595425e-04
  Max derivative: 1.595425e-04
  [OK] Curve is monotonically increasing over data range

Fitting logarithmic model: y = a*log(x) + b
Saved results/scp_data16_logarithmic.png
logarithmic: y = 1.558751e-01*log(x) + 2.899594e+00
logarithmic: R² = 0.6542

Fitting exponential model: y = a*exp(b*x)
Saved results/scp_data16_exponential.png
exponential: y = 3.267325e+00*exp(3.984609e-05*x)
exponential: R² = 0.9824

Saved results/scp_data_analyzed16.json
Saved R² summary: results/scp_data_r_squared16.json
Sun Feb  8 22:03:29 PST 2026: Hourly run completed
Opening persistent SSH connection...
SSH control connection established

Starting SCP run 0 for 1K...
Starting SCP run 1 for 1K...
Starting SCP run 2 for 1K...
Starting SCP run 3 for 1K...
Starting SCP run 4 for 1K...
Starting SCP run 5 for 1K...
Starting SCP run 6 for 1K...
Starting SCP run 7 for 1K...
Starting SCP run 8 for 1K...
Starting SCP run 9 for 1K...
Starting SCP run 0 for 10K...
Starting SCP run 1 for 10K...
Starting SCP run 2 for 10K...
Starting SCP run 3 for 10K...
Starting SCP run 4 for 10K...
Starting SCP run 5 for 10K...
Starting SCP run 6 for 10K...
Starting SCP run 7 for 10K...
Starting SCP run 8 for 10K...
Starting SCP run 9 for 10K...
Starting SCP run 0 for 100K...
Starting SCP run 1 for 100K...
Starting SCP run 2 for 100K...
Starting SCP run 3 for 100K...
Starting SCP run 4 for 100K...
Starting SCP run 5 for 100K...
Starting SCP run 6 for 100K...
Starting SCP run 7 for 100K...
Starting SCP run 8 for 100K...
Starting SCP run 9 for 100K...
Starting SCP run 0 for 1M...
Starting SCP run 1 for 1M...
Starting SCP run 2 for 1M...
Starting SCP run 3 for 1M...
Starting SCP run 4 for 1M...
Starting SCP run 5 for 1M...
Starting SCP run 6 for 1M...
Starting SCP run 7 for 1M...
Starting SCP run 8 for 1M...
Starting SCP run 9 for 1M...
Starting SCP run 0 for 10M...
Starting SCP run 1 for 10M...
Starting SCP run 2 for 10M...
Starting SCP run 3 for 10M...
Starting SCP run 4 for 10M...
Starting SCP run 5 for 10M...
Starting SCP run 6 for 10M...
Starting SCP run 7 for 10M...
Starting SCP run 8 for 10M...
Starting SCP run 9 for 10M...

Closing SSH control connection...
Time: 4.132547s
Time: 3.509114s
Time: 3.525799s
Time: 3.467038s
Time: 3.605681s
Time: 3.456236s
Time: 3.487306s
Time: 3.537389s
Time: 3.506027s
Time: 3.498559s
Time: 3.520451s
Time: 3.514876s
Time: 3.460799s
Time: 3.524934s
Time: 3.476888s
Time: 3.499578s
Time: 3.382213s
Time: 3.526124s
Time: 3.528807s
Time: 3.471449s
Time: 3.365548s
Time: 3.540082s
Time: 3.469041s
Time: 3.544644s
Time: 3.385964s
Time: 3.553152s
Time: 3.504899s
Time: 3.484309s
Time: 3.552250s
Time: 3.501839s
Time: 3.722778s
Time: 3.848149s
Time: 3.709027s
Time: 3.716214s
Time: 3.813824s
Time: 3.869443s
Time: 3.735984s
Time: 3.882194s
Time: 3.714956s
Time: 3.667588s
Time: 5.235258s
Time: 5.234011s
Time: 5.087649s
Time: 6.662020s
Time: 5.590735s
Time: 5.251074s
Time: 5.094308s
Time: 5.082751s
Time: 5.440813s
Time: 5.451743s
All SCP runs complete.
Data saved to results/scp_data17.json
Reading data from results/scp_data17.json
Saved results/scp_data17_boxplot.png
Saved results/scp_data17_linear.png
linear: R² = 0.9988

Fitting convex quadratic (convexity only, no monotonicity constraint):
Fitted convex quadratic: a=3.694790e-25, b=1.734516e-04, c=3.512699e+00
Curve shape: monotonically increasing
Saved results/scp_data17_quadratic.png
quadratic: R² for quadratic fit: 0.9988

Monotonicity check (derivative at data points):
  Min derivative: 1.734516e-04
  Max derivative: 1.734516e-04
  [OK] Curve is monotonically increasing over data range

Fitting logarithmic model: y = a*log(x) + b
Saved results/scp_data17_logarithmic.png
logarithmic: y = 1.603999e-01*log(x) + 3.159474e+00
logarithmic: R² = 0.5934

Fitting exponential model: y = a*exp(b*x)
Saved results/scp_data17_exponential.png
exponential: y = 3.519750e+00*exp(4.002276e-05*x)
exponential: R² = 0.9975

Saved results/scp_data_analyzed17.json
Saved R² summary: results/scp_data_r_squared17.json
Sun Feb  8 23:03:40 PST 2026: Hourly run completed
Opening persistent SSH connection...
SSH control connection established

Starting SCP run 0 for 1K...
Starting SCP run 1 for 1K...
Starting SCP run 2 for 1K...
Starting SCP run 3 for 1K...
Starting SCP run 4 for 1K...
Starting SCP run 5 for 1K...
Starting SCP run 6 for 1K...
Starting SCP run 7 for 1K...
Starting SCP run 8 for 1K...
Starting SCP run 9 for 1K...
Starting SCP run 0 for 10K...
Starting SCP run 1 for 10K...
Starting SCP run 2 for 10K...
Starting SCP run 3 for 10K...
Starting SCP run 4 for 10K...
Starting SCP run 5 for 10K...
Starting SCP run 6 for 10K...
Starting SCP run 7 for 10K...
Starting SCP run 8 for 10K...
Starting SCP run 9 for 10K...
Starting SCP run 0 for 100K...
Starting SCP run 1 for 100K...
Starting SCP run 2 for 100K...
Starting SCP run 3 for 100K...
Starting SCP run 4 for 100K...
Starting SCP run 5 for 100K...
Starting SCP run 6 for 100K...
Starting SCP run 7 for 100K...
Starting SCP run 8 for 100K...
Starting SCP run 9 for 100K...
SCP failed!
ssh: connect to host 167.99.128.200 port 22: Operation timed out
scp: Connection closed

Starting SCP run 0 for 1M...
SCP failed!
ssh: connect to host 167.99.128.200 port 22: Operation timed out
scp: Connection closed

Starting SCP run 0 for 10M...
SCP failed!
ssh: connect to host 167.99.128.200 port 22: Operation timed out
scp: Connection closed


Closing SSH control connection...
Time: 3.977394s
Time: 3.344352s
Time: 3.317619s
Time: 3.401972s
Time: 3.332908s
Time: 3.328385s
Time: 3.329503s
Time: 3.410278s
Time: 3.320109s
Time: 3.332721s
Time: 3.339793s
Time: 3.333811s
Time: 3.361329s
Time: 3.328708s
Time: 3.334445s
Time: 3.331216s
Time: 3.351250s
Time: 3.333464s
Time: 3.613104s
Time: 3.675805s
Time: 3.335995s
Time: 3.330068s
Time: 3.350915s
Time: 3.324374s
Time: 3.323035s
Time: 15.804807s
Time: 5.290423s
Time: 5.551923s
Time: 5.603101s
Time: 49.017950s
Time: 49.012676s
Time: 49.010134s
All SCP runs complete.
Data saved to results/scp_data18.json
/Users/oliviacognetti/Library/Python/3.9/lib/python/site-packages/numpy/_core/fromnumeric.py:3596: RuntimeWarning: Mean of empty slice.
  return _methods._mean(a, axis=axis, dtype=dtype,
/Users/oliviacognetti/Library/Python/3.9/lib/python/site-packages/numpy/_core/_methods.py:138: RuntimeWarning: invalid value encountered in scalar divide
  ret = ret.dtype.type(ret / rcount)
Reading data from results/scp_data18.json
Saved results/scp_data18_boxplot.png
Saved results/scp_data18_linear.png
linear: R² = nan

Fitting convex quadratic (convexity only, no monotonicity constraint):
Warning: Optimization did not converge: Iteration limit reached
Using best available solution anyway.
Fitted convex quadratic: a=nan, b=nan, c=nan
Curve shape: approximately linear
Saved results/scp_data18_quadratic.png
quadratic: R² for quadratic fit: nan

Monotonicity check (derivative at data points):
  Min derivative: nan
  Max derivative: nan
  [WARN] Curve is not strictly monotonic over data range

Fitting logarithmic model: y = a*log(x) + b
Saved results/scp_data18_logarithmic.png
logarithmic: y = nan*log(x) + nan
logarithmic: R² = nan

Fitting exponential model: y = a*exp(b*x)
Warning: Cannot fit exponential model - some median values are not positive

Saved results/scp_data_analyzed18.json
Saved R² summary: results/scp_data_r_squared18.json
Mon Feb  9 00:10:18 PST 2026: Hourly run completed
Opening persistent SSH connection...
SSH control connection established

Starting SCP run 0 for 1K...
Starting SCP run 1 for 1K...
Starting SCP run 2 for 1K...
Starting SCP run 3 for 1K...
Starting SCP run 4 for 1K...
Starting SCP run 5 for 1K...
Starting SCP run 6 for 1K...
Starting SCP run 7 for 1K...
Starting SCP run 8 for 1K...
Starting SCP run 9 for 1K...
Starting SCP run 0 for 10K...
Starting SCP run 1 for 10K...
Starting SCP run 2 for 10K...
Starting SCP run 3 for 10K...
Starting SCP run 4 for 10K...
Starting SCP run 5 for 10K...
Starting SCP run 6 for 10K...
Starting SCP run 7 for 10K...
Starting SCP run 8 for 10K...
Starting SCP run 9 for 10K...
Starting SCP run 0 for 100K...
Starting SCP run 1 for 100K...
Starting SCP run 2 for 100K...
Starting SCP run 3 for 100K...
Starting SCP run 4 for 100K...
Starting SCP run 5 for 100K...
Starting SCP run 6 for 100K...
Starting SCP run 7 for 100K...
Starting SCP run 8 for 100K...
Starting SCP run 9 for 100K...
Starting SCP run 0 for 1M...
Starting SCP run 1 for 1M...
Starting SCP run 2 for 1M...
Starting SCP run 3 for 1M...
Starting SCP run 4 for 1M...
Starting SCP run 5 for 1M...
SCP failed!
ssh: connect to host 167.99.128.200 port 22: Operation timed out
scp: Connection closed

Starting SCP run 0 for 10M...
Starting SCP run 1 for 10M...
Starting SCP run 2 for 10M...
Starting SCP run 3 for 10M...
Starting SCP run 4 for 10M...
SCP failed!
kex_exchange_identification: read: Operation timed out
banner exchange: Connection to 167.99.128.200 port 22: Operation timed out
scp: Connection closed


Closing SSH control connection...
Time: 3.820976s
Time: 3.342477s
Time: 3.363394s
Time: 3.367518s
Time: 3.362731s
Time: 3.340969s
Time: 3.475751s
Time: 3.324291s
Time: 3.344954s
Time: 3.363236s
Time: 3.333461s
Time: 3.335458s
Time: 3.333135s
Time: 3.326870s
Time: 3.324774s
Time: 3.340223s
Time: 3.551602s
Time: 3.451215s
Time: 3.507824s
Time: 3.528224s
Time: 3.699808s
Time: 3.717643s
Time: 3.485384s
Time: 3.421845s
Time: 3.566414s
Time: 3.648693s
Time: 3.458247s
Time: 3.505515s
Time: 3.399669s
Time: 3.384131s
Time: 3.719358s
Time: 6.894586s
Time: 6.396861s
Time: 6.271124s
Time: 21.825824s
Time: 40.927685s
Time: 7.501477s
Time: 7.784578s
Time: 7.530224s
Time: 7.263439s
Time: 52.450796s
All SCP runs complete.
Data saved to results/scp_data19.json
Reading data from results/scp_data19.json
Saved results/scp_data19_boxplot.png
Saved results/scp_data19_linear.png
linear: R² = 0.9997

Fitting convex quadratic (convexity only, no monotonicity constraint):
Fitted convex quadratic: a=8.998620e-08, b=4.019688e-03, c=3.255451e+00
Curve shape: monotonically increasing
Saved results/scp_data19_quadratic.png
quadratic: R² for quadratic fit: 1.0000

Monotonicity check (derivative at data points):
  Min derivative: 4.019868e-03
  Max derivative: 5.819412e-03
  [OK] Curve is monotonically increasing over data range

Fitting logarithmic model: y = a*log(x) + b
Saved results/scp_data19_logarithmic.png
logarithmic: y = 4.439369e+00*log(x) + -6.438143e+00
logarithmic: R² = 0.5619

Fitting exponential model: y = a*exp(b*x)
Saved results/scp_data19_exponential.png
exponential: y = 3.794253e+00*exp(2.665069e-04*x)
exponential: R² = 0.9942

Saved results/scp_data_analyzed19.json
Saved R² summary: results/scp_data_r_squared19.json
Mon Feb  9 01:37:32 PST 2026: Hourly run completed
Opening persistent SSH connection...
SSH control connection established

Starting SCP run 0 for 1K...
Starting SCP run 1 for 1K...
Starting SCP run 2 for 1K...
Starting SCP run 3 for 1K...
Starting SCP run 4 for 1K...
Starting SCP run 5 for 1K...
Starting SCP run 6 for 1K...
Starting SCP run 7 for 1K...
Starting SCP run 8 for 1K...
Starting SCP run 9 for 1K...
Starting SCP run 0 for 10K...
Starting SCP run 1 for 10K...
Starting SCP run 2 for 10K...
Starting SCP run 3 for 10K...
Starting SCP run 4 for 10K...
Starting SCP run 5 for 10K...
Starting SCP run 6 for 10K...
Starting SCP run 7 for 10K...
Starting SCP run 8 for 10K...
Starting SCP run 9 for 10K...
Starting SCP run 0 for 100K...
Starting SCP run 1 for 100K...
Starting SCP run 2 for 100K...
Starting SCP run 3 for 100K...
Starting SCP run 4 for 100K...
Starting SCP run 5 for 100K...
Starting SCP run 6 for 100K...
Starting SCP run 7 for 100K...
Starting SCP run 8 for 100K...
Starting SCP run 9 for 100K...
Starting SCP run 0 for 1M...
Starting SCP run 1 for 1M...
Starting SCP run 2 for 1M...
Starting SCP run 3 for 1M...
Starting SCP run 4 for 1M...
Starting SCP run 5 for 1M...
Starting SCP run 6 for 1M...
Starting SCP run 7 for 1M...
Starting SCP run 8 for 1M...
Starting SCP run 9 for 1M...
Starting SCP run 0 for 10M...
SCP failed!
ssh: connect to host 167.99.128.200 port 22: Operation timed out
scp: Connection closed


Closing SSH control connection...
Time: 3.959507s
Time: 3.182808s
Time: 3.180412s
Time: 3.220526s
Time: 3.189015s
Time: 3.230053s
Time: 3.197081s
Time: 3.197169s
Time: 3.371205s
Time: 3.220504s
Time: 3.190589s
Time: 3.188206s
Time: 3.238102s
Time: 3.178573s
Time: 3.182804s
Time: 3.238208s
Time: 3.182193s
Time: 3.285057s
Time: 3.242581s
Time: 3.181715s
Time: 3.192601s
Time: 3.326086s
Time: 3.204269s
Time: 3.194297s
Time: 3.199276s
Time: 3.320913s
Time: 3.186707s
Time: 3.200450s
Time: 3.191648s
Time: 3.181713s
Time: 3.423509s
Time: 3.370727s
Time: 3.388744s
Time: 3.448109s
Time: 4.227246s
Time: 3.535222s
Time: 17.323016s
Time: 6.036760s
Time: 6.439473s
Time: 6.637768s
Time: 54.484422s
All SCP runs complete.
Data saved to results/scp_data20.json
Reading data from results/scp_data20.json
Saved results/scp_data20_boxplot.png
Saved results/scp_data20_linear.png
linear: R² = 0.9931

Fitting convex quadratic (convexity only, no monotonicity constraint):
Fitted convex quadratic: a=4.933615e-07, b=1.958202e-04, c=3.190084e+00
Curve shape: monotonically increasing
Saved results/scp_data20_quadratic.png
quadratic: R² for quadratic fit: 1.0000

Monotonicity check (derivative at data points):
  Min derivative: 1.968069e-04
  Max derivative: 1.006305e-02
  [OK] Curve is monotonically increasing over data range

Fitting logarithmic model: y = a*log(x) + b
Saved results/scp_data20_logarithmic.png
logarithmic: y = 4.483787e+00*log(x) + -7.056466e+00
logarithmic: R² = 0.5099

Fitting exponential model: y = a*exp(b*x)
Saved results/scp_data20_exponential.png
exponential: y = 3.105516e+00*exp(2.858478e-04*x)
exponential: R² = 0.9999

Saved results/scp_data_analyzed20.json
Saved R² summary: results/scp_data_r_squared20.json
Mon Feb  9 02:11:39 PST 2026: Hourly run completed
Opening persistent SSH connection...
SSH control connection established

Starting SCP run 0 for 1K...
Starting SCP run 1 for 1K...
Starting SCP run 2 for 1K...
Starting SCP run 3 for 1K...
Starting SCP run 4 for 1K...
Starting SCP run 5 for 1K...
Starting SCP run 6 for 1K...
Starting SCP run 7 for 1K...
Starting SCP run 8 for 1K...
Starting SCP run 9 for 1K...
Starting SCP run 0 for 10K...
Starting SCP run 1 for 10K...
Starting SCP run 2 for 10K...
Starting SCP run 3 for 10K...
Starting SCP run 4 for 10K...
Starting SCP run 5 for 10K...
Starting SCP run 6 for 10K...
Starting SCP run 7 for 10K...
Starting SCP run 8 for 10K...
Starting SCP run 9 for 10K...
Starting SCP run 0 for 100K...
Starting SCP run 1 for 100K...
Starting SCP run 2 for 100K...
Starting SCP run 3 for 100K...
Starting SCP run 4 for 100K...
Starting SCP run 5 for 100K...
Starting SCP run 6 for 100K...
Starting SCP run 7 for 100K...
Starting SCP run 8 for 100K...
Starting SCP run 9 for 100K...
Starting SCP run 0 for 1M...
Starting SCP run 1 for 1M...
Starting SCP run 2 for 1M...
Starting SCP run 3 for 1M...
Starting SCP run 4 for 1M...
Starting SCP run 5 for 1M...
Starting SCP run 6 for 1M...
Starting SCP run 7 for 1M...
Starting SCP run 8 for 1M...
Starting SCP run 9 for 1M...
Starting SCP run 0 for 10M...
Starting SCP run 1 for 10M...
Starting SCP run 2 for 10M...
Starting SCP run 3 for 10M...
Starting SCP run 4 for 10M...
Starting SCP run 5 for 10M...
Starting SCP run 6 for 10M...
Starting SCP run 7 for 10M...
Starting SCP run 8 for 10M...
Starting SCP run 9 for 10M...

Closing SSH control connection...
Time: 4.237387s
Time: 3.123877s
Time: 3.170015s
Time: 3.133624s
Time: 3.154514s
Time: 3.131574s
Time: 3.131236s
Time: 3.139186s
Time: 3.192459s
Time: 3.129881s
Time: 3.140304s
Time: 3.135531s
Time: 3.128240s
Time: 3.127111s
Time: 3.283220s
Time: 3.446612s
Time: 3.136373s
Time: 3.124572s
Time: 3.132002s
Time: 3.133371s
Time: 3.320774s
Time: 3.129583s
Time: 3.133036s
Time: 3.131025s
Time: 3.324668s
Time: 3.915096s
Time: 3.465223s
Time: 4.675635s
Time: 3.590362s
Time: 3.302609s
Time: 5.467955s
Time: 4.842341s
Time: 6.067364s
Time: 5.125720s
Time: 5.152480s
Time: 8.412226s
Time: 5.144118s
Time: 5.129287s
Time: 4.912372s
Time: 4.825696s
Time: 37.412128s
Time: 40.574638s
Time: 32.143965s
Time: 25.187384s
Time: 31.807725s
Time: 29.861108s
Time: 43.321829s
Time: 35.294496s
Time: 36.325561s
Time: 30.588722s
All SCP runs complete.
Data saved to results/scp_data21.json
Reading data from results/scp_data21.json
Saved results/scp_data21_boxplot.png
Saved results/scp_data21_linear.png
linear: R² = 0.9989

Fitting convex quadratic (convexity only, no monotonicity constraint):
Fitted convex quadratic: a=1.165941e-07, b=1.893254e-03, c=3.127276e+00
Curve shape: monotonically increasing
Saved results/scp_data21_quadratic.png
quadratic: R² for quadratic fit: 1.0000

Monotonicity check (derivative at data points):
  Min derivative: 1.893488e-03
  Max derivative: 4.225136e-03
  [OK] Curve is monotonically increasing over data range

Fitting logarithmic model: y = a*log(x) + b
Saved results/scp_data21_logarithmic.png
logarithmic: y = 2.743347e+00*log(x) + -2.943679e+00
logarithmic: R² = 0.5507

Fitting exponential model: y = a*exp(b*x)
Saved results/scp_data21_exponential.png
exponential: y = 3.358125e+00*exp(2.325517e-04*x)
exponential: R² = 0.9982

Saved results/scp_data_analyzed21.json
Saved R² summary: results/scp_data_r_squared21.json
Mon Feb  9 05:08:51 PST 2026: Hourly run completed
Opening persistent SSH connection...
SSH control connection established

Starting SCP run 0 for 1K...
Starting SCP run 1 for 1K...
Starting SCP run 2 for 1K...
Starting SCP run 3 for 1K...
Starting SCP run 4 for 1K...
Starting SCP run 5 for 1K...
Starting SCP run 6 for 1K...
Starting SCP run 7 for 1K...
Starting SCP run 8 for 1K...
Starting SCP run 9 for 1K...
Starting SCP run 0 for 10K...
Starting SCP run 1 for 10K...
Starting SCP run 2 for 10K...
Starting SCP run 3 for 10K...
Starting SCP run 4 for 10K...
Starting SCP run 5 for 10K...
Starting SCP run 6 for 10K...
Starting SCP run 7 for 10K...
Starting SCP run 8 for 10K...
Starting SCP run 9 for 10K...
Starting SCP run 0 for 100K...
Starting SCP run 1 for 100K...
Starting SCP run 2 for 100K...
Starting SCP run 3 for 100K...
Starting SCP run 4 for 100K...
Starting SCP run 5 for 100K...
Starting SCP run 6 for 100K...
Starting SCP run 7 for 100K...
Starting SCP run 8 for 100K...
Starting SCP run 9 for 100K...
Starting SCP run 0 for 1M...
Starting SCP run 1 for 1M...
Starting SCP run 2 for 1M...
Starting SCP run 3 for 1M...
Starting SCP run 4 for 1M...
Starting SCP run 5 for 1M...
Starting SCP run 6 for 1M...
Starting SCP run 7 for 1M...
Starting SCP run 8 for 1M...
Starting SCP run 9 for 1M...
Starting SCP run 0 for 10M...
Starting SCP run 1 for 10M...
Starting SCP run 2 for 10M...
Starting SCP run 3 for 10M...
Starting SCP run 4 for 10M...
Starting SCP run 5 for 10M...
Starting SCP run 6 for 10M...
Starting SCP run 7 for 10M...
Starting SCP run 8 for 10M...
Starting SCP run 9 for 10M...

Closing SSH control connection...
Time: 3.812706s
Time: 3.576378s
Time: 3.406103s
Time: 3.133818s
Time: 3.123350s
Time: 3.127886s
Time: 3.130860s
Time: 3.132541s
Time: 3.127609s
Time: 3.137951s
Time: 3.177347s
Time: 3.133139s
Time: 3.134029s
Time: 3.124900s
Time: 3.141739s
Time: 3.147247s
Time: 3.136617s
Time: 3.132984s
Time: 3.132438s
Time: 3.129363s
Time: 3.149732s
Time: 3.162255s
Time: 3.159870s
Time: 3.202214s
Time: 3.151736s
Time: 3.135481s
Time: 3.133320s
Time: 3.128580s
Time: 3.179921s
Time: 3.238725s
Time: 3.483544s
Time: 3.479750s
Time: 3.326686s
Time: 3.318513s
Time: 17.234069s
Time: 4.692454s
Time: 3.764086s
Time: 3.605121s
Time: 3.799247s
Time: 3.461513s
Time: 4.607683s
Time: 4.565285s
Time: 4.583521s
Time: 4.568080s
Time: 4.595203s
Time: 4.554709s
Time: 4.560320s
Time: 4.636903s
Time: 6.254730s
Time: 4.625288s
All SCP runs complete.
Data saved to results/scp_data22.json
Reading data from results/scp_data22.json
Saved results/scp_data22_boxplot.png
Saved results/scp_data22_linear.png
linear: R² = 0.9656

Fitting convex quadratic (convexity only, no monotonicity constraint):
Fitted convex quadratic: a=3.137909e-23, b=1.411764e-04, c=3.197530e+00
Curve shape: monotonically increasing
Saved results/scp_data22_quadratic.png
quadratic: R² for quadratic fit: 0.9656

Monotonicity check (derivative at data points):
  Min derivative: 1.411764e-04
  Max derivative: 1.411764e-04
  [OK] Curve is monotonically increasing over data range

Fitting logarithmic model: y = a*log(x) + b
Saved results/scp_data22_logarithmic.png
logarithmic: y = 1.443209e-01*log(x) + 2.846630e+00
logarithmic: R² = 0.7010

Fitting exponential model: y = a*exp(b*x)
Saved results/scp_data22_exponential.png
exponential: y = 3.199235e+00*exp(3.672044e-05*x)
exponential: R² = 0.9596

Saved results/scp_data_analyzed22.json
Saved R² summary: results/scp_data_r_squared22.json
Mon Feb  9 06:06:20 PST 2026: Hourly run completed
Opening persistent SSH connection...
SSH control connection established

Starting SCP run 0 for 1K...
Starting SCP run 1 for 1K...
Starting SCP run 2 for 1K...
Starting SCP run 3 for 1K...
Starting SCP run 4 for 1K...
Starting SCP run 5 for 1K...
Starting SCP run 6 for 1K...
Starting SCP run 7 for 1K...
Starting SCP run 8 for 1K...
Starting SCP run 9 for 1K...
Starting SCP run 0 for 10K...
Starting SCP run 1 for 10K...
Starting SCP run 2 for 10K...
Starting SCP run 3 for 10K...
Starting SCP run 4 for 10K...
Starting SCP run 5 for 10K...
Starting SCP run 6 for 10K...
Starting SCP run 7 for 10K...
Starting SCP run 8 for 10K...
Starting SCP run 9 for 10K...
Starting SCP run 0 for 100K...
Starting SCP run 1 for 100K...
Starting SCP run 2 for 100K...
Starting SCP run 3 for 100K...
Starting SCP run 4 for 100K...
Starting SCP run 5 for 100K...
Starting SCP run 6 for 100K...
Starting SCP run 7 for 100K...
Starting SCP run 8 for 100K...
Starting SCP run 9 for 100K...
Starting SCP run 0 for 1M...
Starting SCP run 1 for 1M...
Starting SCP run 2 for 1M...
Starting SCP run 3 for 1M...
Starting SCP run 4 for 1M...
Starting SCP run 5 for 1M...
Starting SCP run 6 for 1M...
Starting SCP run 7 for 1M...
Starting SCP run 8 for 1M...
Starting SCP run 9 for 1M...
Starting SCP run 0 for 10M...
Starting SCP run 1 for 10M...
Starting SCP run 2 for 10M...
Starting SCP run 3 for 10M...
Starting SCP run 4 for 10M...
Starting SCP run 5 for 10M...
Starting SCP run 6 for 10M...
Starting SCP run 7 for 10M...
Starting SCP run 8 for 10M...
Starting SCP run 9 for 10M...

Closing SSH control connection...
Time: 4.025042s
Time: 3.425690s
Time: 3.396022s
Time: 3.391617s
Time: 3.391377s
Time: 3.422042s
Time: 3.387283s
Time: 3.399911s
Time: 3.399696s
Time: 3.395034s
Time: 3.418460s
Time: 3.396802s
Time: 3.392906s
Time: 3.391176s
Time: 3.412458s
Time: 3.393843s
Time: 12.055561s
Time: 3.727715s
Time: 3.381222s
Time: 3.406224s
Time: 3.561815s
Time: 3.829539s
Time: 3.619164s
Time: 3.399059s
Time: 3.411183s
Time: 3.424104s
Time: 3.395676s
Time: 3.400295s
Time: 3.394100s
Time: 3.411696s
Time: 3.757246s
Time: 3.733372s
Time: 3.752071s
Time: 3.732466s
Time: 3.597801s
Time: 3.608094s
Time: 3.596945s
Time: 3.757428s
Time: 3.768936s
Time: 3.766444s
Time: 4.948888s
Time: 5.030726s
Time: 4.941070s
Time: 4.960133s
Time: 4.951146s
Time: 4.949097s
Time: 5.066141s
Time: 4.948428s
Time: 6.466178s
Time: 4.962200s
All SCP runs complete.
Data saved to results/scp_data23.json
Reading data from results/scp_data23.json
Saved results/scp_data23_boxplot.png
Saved results/scp_data23_linear.png
linear: R² = 0.9846

Fitting convex quadratic (convexity only, no monotonicity constraint):
Fitted convex quadratic: a=7.389580e-24, b=1.527493e-04, c=3.442395e+00
Curve shape: monotonically increasing
Saved results/scp_data23_quadratic.png
quadratic: R² for quadratic fit: 0.9846

Monotonicity check (derivative at data points):
  Min derivative: 1.527493e-04
  Max derivative: 1.527493e-04
  [OK] Curve is monotonically increasing over data range

Fitting logarithmic model: y = a*log(x) + b
Saved results/scp_data23_logarithmic.png
logarithmic: y = 1.501256e-01*log(x) + 3.090481e+00
logarithmic: R² = 0.6607

Fitting exponential model: y = a*exp(b*x)
Saved results/scp_data23_exponential.png
exponential: y = 3.446155e+00*exp(3.676926e-05*x)
exponential: R² = 0.9805

Saved results/scp_data_analyzed23.json
Saved R² summary: results/scp_data_r_squared23.json
Mon Feb  9 07:05:53 PST 2026: Hourly run completed
Opening persistent SSH connection...
SSH control connection established

Starting SCP run 0 for 1K...
Starting SCP run 1 for 1K...
Starting SCP run 2 for 1K...
Starting SCP run 3 for 1K...
Starting SCP run 4 for 1K...
Starting SCP run 5 for 1K...
Starting SCP run 6 for 1K...
Starting SCP run 7 for 1K...
Starting SCP run 8 for 1K...
Starting SCP run 9 for 1K...
Starting SCP run 0 for 10K...
Starting SCP run 1 for 10K...
Starting SCP run 2 for 10K...
Starting SCP run 3 for 10K...
Starting SCP run 4 for 10K...
Starting SCP run 5 for 10K...
Starting SCP run 6 for 10K...
Starting SCP run 7 for 10K...
Starting SCP run 8 for 10K...
Starting SCP run 9 for 10K...
Starting SCP run 0 for 100K...
Starting SCP run 1 for 100K...
Starting SCP run 2 for 100K...
Starting SCP run 3 for 100K...
Starting SCP run 4 for 100K...
Starting SCP run 5 for 100K...
Starting SCP run 6 for 100K...
Starting SCP run 7 for 100K...
Starting SCP run 8 for 100K...
Starting SCP run 9 for 100K...
Starting SCP run 0 for 1M...
Starting SCP run 1 for 1M...
Starting SCP run 2 for 1M...
Starting SCP run 3 for 1M...
Starting SCP run 4 for 1M...
Starting SCP run 5 for 1M...
Starting SCP run 6 for 1M...
Starting SCP run 7 for 1M...
Starting SCP run 8 for 1M...
Starting SCP run 9 for 1M...
Starting SCP run 0 for 10M...
Starting SCP run 1 for 10M...
Starting SCP run 2 for 10M...
Starting SCP run 3 for 10M...
Starting SCP run 4 for 10M...
Starting SCP run 5 for 10M...
Starting SCP run 6 for 10M...
Starting SCP run 7 for 10M...
Starting SCP run 8 for 10M...
Starting SCP run 9 for 10M...

Closing SSH control connection...
Time: 4.087613s
Time: 3.485061s
Time: 4.033627s
Time: 3.788505s
Time: 3.468747s
Time: 3.464930s
Time: 3.458006s
Time: 3.447717s
Time: 4.199192s
Time: 3.453114s
Time: 3.486096s
Time: 3.445387s
Time: 3.459744s
Time: 3.461870s
Time: 3.657230s
Time: 3.623748s
Time: 3.449088s
Time: 3.471381s
Time: 3.459440s
Time: 3.447221s
Time: 19.591259s
Time: 3.637438s
Time: 3.895541s
Time: 3.646893s
Time: 3.465155s
Time: 3.459189s
Time: 3.475585s
Time: 3.453456s
Time: 66.302302s
Time: 3.656369s
Time: 5.292661s
Time: 4.220471s
Time: 3.996363s
Time: 3.808704s
Time: 3.804989s
Time: 3.811572s
Time: 3.800730s
Time: 3.815428s
Time: 3.850896s
Time: 3.841661s
Time: 5.031723s
Time: 5.094930s
Time: 5.062260s
Time: 5.075938s
Time: 5.061187s
Time: 5.025768s
Time: 5.060707s
Time: 5.023178s
Time: 5.150565s
Time: 5.221539s
All SCP runs complete.
Data saved to results/scp_data24.json
Reading data from results/scp_data24.json
Saved results/scp_data24_boxplot.png
Saved results/scp_data24_linear.png
linear: R² = 0.9803

Fitting convex quadratic (convexity only, no monotonicity constraint):
Fitted convex quadratic: a=0.000000e+00, b=1.517511e-04, c=3.556808e+00
Curve shape: monotonically increasing
Saved results/scp_data24_quadratic.png
quadratic: R² for quadratic fit: 0.9803

Monotonicity check (derivative at data points):
  Min derivative: 1.517511e-04
  Max derivative: 1.517511e-04
  [OK] Curve is monotonically increasing over data range

Fitting logarithmic model: y = a*log(x) + b
Saved results/scp_data24_logarithmic.png
logarithmic: y = 1.536263e-01*log(x) + 3.186554e+00
logarithmic: R² = 0.6979

Fitting exponential model: y = a*exp(b*x)
Saved results/scp_data24_exponential.png
exponential: y = 3.560243e+00*exp(3.557474e-05*x)
exponential: R² = 0.9767

Saved results/scp_data_analyzed24.json
Saved R² summary: results/scp_data_r_squared24.json
Mon Feb  9 09:17:49 PST 2026: Hourly run completed
Connection reset by 167.99.128.200 port 22
Opening persistent SSH connection...
Traceback (most recent call last):
  File "/Users/oliviacognetti/Downloads/Research/file-xfer-experiments/scpSpeed1.py", line 29, in <module>
    subprocess.run(
  File "/Library/Developer/CommandLineTools/Library/Frameworks/Python3.framework/Versions/3.9/lib/python3.9/subprocess.py", line 528, in run
    raise CalledProcessError(retcode, process.args,
subprocess.CalledProcessError: Command '['ssh', '-MNf', '-o', 'ControlMaster=yes', '-o', 'ControlPath=/tmp/ssh_ctrl_%h_%p_%r', '-o', 'ControlPersist=120s', 'root@167.99.128.200']' returned non-zero exit status 255.
Reading data from results/scp_data24.json
Saved results/scp_data24_boxplot.png
Saved results/scp_data24_linear.png
linear: R² = 0.9803

Fitting convex quadratic (convexity only, no monotonicity constraint):
Fitted convex quadratic: a=0.000000e+00, b=1.517511e-04, c=3.556808e+00
Curve shape: monotonically increasing
Saved results/scp_data24_quadratic.png
quadratic: R² for quadratic fit: 0.9803

Monotonicity check (derivative at data points):
  Min derivative: 1.517511e-04
  Max derivative: 1.517511e-04
  [OK] Curve is monotonically increasing over data range

Fitting logarithmic model: y = a*log(x) + b
Saved results/scp_data24_logarithmic.png
logarithmic: y = 1.536263e-01*log(x) + 3.186554e+00
logarithmic: R² = 0.6979

Fitting exponential model: y = a*exp(b*x)
Saved results/scp_data24_exponential.png
exponential: y = 3.560243e+00*exp(3.557474e-05*x)
exponential: R² = 0.9767

Saved results/scp_data_analyzed24.json
Saved R² summary: results/scp_data_r_squared24.json
Mon Feb  9 10:09:27 PST 2026: Hourly run completed
Opening persistent SSH connection...
SSH control connection established

Starting SCP run 0 for 1K...
Starting SCP run 1 for 1K...
Starting SCP run 2 for 1K...
Starting SCP run 3 for 1K...
Starting SCP run 4 for 1K...
Starting SCP run 5 for 1K...
Starting SCP run 6 for 1K...
Starting SCP run 7 for 1K...
Starting SCP run 8 for 1K...
Starting SCP run 9 for 1K...
Starting SCP run 0 for 10K...
Starting SCP run 1 for 10K...
Starting SCP run 2 for 10K...
Starting SCP run 3 for 10K...
Starting SCP run 4 for 10K...
Starting SCP run 5 for 10K...
Starting SCP run 6 for 10K...
Starting SCP run 7 for 10K...
Starting SCP run 8 for 10K...
Starting SCP run 9 for 10K...
Starting SCP run 0 for 100K...
Starting SCP run 1 for 100K...
Starting SCP run 2 for 100K...
Starting SCP run 3 for 100K...
Starting SCP run 4 for 100K...
Starting SCP run 5 for 100K...
Starting SCP run 6 for 100K...
Starting SCP run 7 for 100K...
Starting SCP run 8 for 100K...
Starting SCP run 9 for 100K...
Starting SCP run 0 for 1M...
Starting SCP run 1 for 1M...
Starting SCP run 2 for 1M...
Starting SCP run 3 for 1M...
Starting SCP run 4 for 1M...
Starting SCP run 5 for 1M...
Starting SCP run 6 for 1M...
Starting SCP run 7 for 1M...
Starting SCP run 8 for 1M...
Starting SCP run 9 for 1M...
Starting SCP run 0 for 10M...
Starting SCP run 1 for 10M...
Starting SCP run 2 for 10M...
Starting SCP run 3 for 10M...
Starting SCP run 4 for 10M...
Starting SCP run 5 for 10M...
Starting SCP run 6 for 10M...
Starting SCP run 7 for 10M...
Starting SCP run 8 for 10M...
Starting SCP run 9 for 10M...

Closing SSH control connection...
Time: 4.089338s
Time: 3.194214s
Time: 3.144902s
Time: 3.240009s
Time: 3.156131s
Time: 3.147991s
Time: 3.245314s
Time: 3.115743s
Time: 3.099746s
Time: 3.129604s
Time: 3.151912s
Time: 3.167969s
Time: 3.099087s
Time: 3.180504s
Time: 3.134677s
Time: 3.119360s
Time: 3.127238s
Time: 3.128530s
Time: 3.096337s
Time: 3.183204s
Time: 3.149662s
Time: 3.106303s
Time: 3.154299s
Time: 3.165038s
Time: 3.193100s
Time: 3.215796s
Time: 3.196207s
Time: 3.191758s
Time: 3.168583s
Time: 3.098249s
Time: 3.440032s
Time: 3.473937s
Time: 3.480913s
Time: 3.475871s
Time: 3.306290s
Time: 3.399293s
Time: 3.404392s
Time: 3.292111s
Time: 3.471433s
Time: 3.332603s
Time: 4.575948s
Time: 4.219411s
Time: 4.227317s
Time: 4.345136s
Time: 4.312467s
Time: 4.289776s
Time: 4.318524s
Time: 4.211656s
Time: 4.314478s
Time: 4.272276s
All SCP runs complete.
Data saved to results/scp_data25.json
Reading data from results/scp_data25.json
Saved results/scp_data25_boxplot.png
Saved results/scp_data25_linear.png
linear: R² = 0.9793

Fitting convex quadratic (convexity only, no monotonicity constraint):
Fitted convex quadratic: a=3.430107e-24, b=1.129589e-04, c=3.183745e+00
Curve shape: monotonically increasing
Saved results/scp_data25_quadratic.png
quadratic: R² for quadratic fit: 0.9793

Monotonicity check (derivative at data points):
  Min derivative: 1.129589e-04
  Max derivative: 1.129589e-04
  [OK] Curve is monotonically increasing over data range

Fitting logarithmic model: y = a*log(x) + b
Saved results/scp_data25_logarithmic.png
logarithmic: y = 1.124271e-01*log(x) + 2.917016e+00
logarithmic: R² = 0.6740

Fitting exponential model: y = a*exp(b*x)
Saved results/scp_data25_exponential.png
exponential: y = 3.185798e+00*exp(3.041808e-05*x)
exponential: R² = 0.9755

Saved results/scp_data_analyzed25.json
Saved R² summary: results/scp_data_r_squared25.json
Mon Feb  9 11:03:23 PST 2026: Hourly run completed
Opening persistent SSH connection...
SSH control connection established

Starting SCP run 0 for 1K...
Starting SCP run 1 for 1K...
Starting SCP run 2 for 1K...
Starting SCP run 3 for 1K...
Starting SCP run 4 for 1K...
Starting SCP run 5 for 1K...
Starting SCP run 6 for 1K...
Starting SCP run 7 for 1K...
Starting SCP run 8 for 1K...
Starting SCP run 9 for 1K...
Starting SCP run 0 for 10K...
Starting SCP run 1 for 10K...
Starting SCP run 2 for 10K...
Starting SCP run 3 for 10K...
Starting SCP run 4 for 10K...
Starting SCP run 5 for 10K...
Starting SCP run 6 for 10K...
Starting SCP run 7 for 10K...
Starting SCP run 8 for 10K...
Starting SCP run 9 for 10K...
Starting SCP run 0 for 100K...
Starting SCP run 1 for 100K...
Starting SCP run 2 for 100K...
Starting SCP run 3 for 100K...
Starting SCP run 4 for 100K...
Starting SCP run 5 for 100K...
Starting SCP run 6 for 100K...
Starting SCP run 7 for 100K...
Starting SCP run 8 for 100K...
Starting SCP run 9 for 100K...
Starting SCP run 0 for 1M...
Starting SCP run 1 for 1M...
Starting SCP run 2 for 1M...
Starting SCP run 3 for 1M...
Starting SCP run 4 for 1M...
Starting SCP run 5 for 1M...
Starting SCP run 6 for 1M...
Starting SCP run 7 for 1M...
Starting SCP run 8 for 1M...
Starting SCP run 9 for 1M...
Starting SCP run 0 for 10M...
Starting SCP run 1 for 10M...
Starting SCP run 2 for 10M...
Starting SCP run 3 for 10M...
Starting SCP run 4 for 10M...
Starting SCP run 5 for 10M...
Starting SCP run 6 for 10M...
Starting SCP run 7 for 10M...
Starting SCP run 8 for 10M...
Starting SCP run 9 for 10M...

Closing SSH control connection...
Time: 4.637122s
Time: 3.690987s
Time: 3.810682s
Time: 3.726617s
Time: 3.843545s
Time: 3.799685s
Time: 3.814385s
Time: 3.859284s
Time: 3.791562s
Time: 3.864795s
Time: 3.789470s
Time: 3.939512s
Time: 4.269744s
Time: 4.204351s
Time: 4.221114s
Time: 3.994462s
Time: 4.530430s
Time: 3.842865s
Time: 3.809891s
Time: 3.704708s
Time: 4.177287s
Time: 3.915104s
Time: 3.839358s
Time: 3.811625s
Time: 3.872427s
Time: 3.748017s
Time: 3.800041s
Time: 3.781564s
Time: 3.727405s
Time: 3.788135s
Time: 4.049359s
Time: 5.106980s
Time: 4.908761s
Time: 4.216912s
Time: 4.213594s
Time: 4.171023s
Time: 3.988338s
Time: 3.904693s
Time: 4.007546s
Time: 4.062731s
Time: 5.362930s
Time: 5.284048s
Time: 5.453543s
Time: 6.059025s
Time: 5.426854s
Time: 5.743166s
Time: 5.375742s
Time: 5.359330s
Time: 5.457106s
Time: 5.388655s
All SCP runs complete.
Data saved to results/scp_data26.json
Reading data from results/scp_data26.json
Saved results/scp_data26_boxplot.png
Saved results/scp_data26_linear.png
linear: R² = 0.9853

Fitting convex quadratic (convexity only, no monotonicity constraint):
Fitted convex quadratic: a=8.579388e-25, b=1.534067e-04, c=3.881097e+00
Curve shape: monotonically increasing
Saved results/scp_data26_quadratic.png
quadratic: R² for quadratic fit: 0.9853

Monotonicity check (derivative at data points):
  Min derivative: 1.534067e-04
  Max derivative: 1.534067e-04
  [OK] Curve is monotonically increasing over data range

Fitting logarithmic model: y = a*log(x) + b
Saved results/scp_data26_logarithmic.png
logarithmic: y = 1.450687e-01*log(x) + 3.553931e+00
logarithmic: R² = 0.6121

Saved results/scp_data_analyzed26.json
Saved R² summary: results/scp_data_r_squared26.json
Mon Feb  9 12:03:42 PST 2026: Hourly run completed
Opening persistent SSH connection...
SSH control connection established

Starting SCP run 0 for 1K...
Starting SCP run 1 for 1K...
Starting SCP run 2 for 1K...
Starting SCP run 3 for 1K...
Starting SCP run 4 for 1K...
Starting SCP run 5 for 1K...
Starting SCP run 6 for 1K...
Starting SCP run 7 for 1K...
Starting SCP run 8 for 1K...
Starting SCP run 9 for 1K...
Starting SCP run 0 for 10K...
Starting SCP run 1 for 10K...
Starting SCP run 2 for 10K...
Starting SCP run 3 for 10K...
Starting SCP run 4 for 10K...
Starting SCP run 5 for 10K...
Starting SCP run 6 for 10K...
Starting SCP run 7 for 10K...
Starting SCP run 8 for 10K...
Starting SCP run 9 for 10K...
Starting SCP run 0 for 100K...
Starting SCP run 1 for 100K...
Starting SCP run 2 for 100K...
Starting SCP run 3 for 100K...
Starting SCP run 4 for 100K...
Starting SCP run 5 for 100K...
Starting SCP run 6 for 100K...
Starting SCP run 7 for 100K...
Starting SCP run 8 for 100K...
Starting SCP run 9 for 100K...
Starting SCP run 0 for 1M...
Starting SCP run 1 for 1M...
Starting SCP run 2 for 1M...
Starting SCP run 3 for 1M...
Starting SCP run 4 for 1M...
Starting SCP run 5 for 1M...
Starting SCP run 6 for 1M...
Starting SCP run 7 for 1M...
Starting SCP run 8 for 1M...
Starting SCP run 9 for 1M...
Starting SCP run 0 for 10M...
Starting SCP run 1 for 10M...
Starting SCP run 2 for 10M...
Starting SCP run 3 for 10M...
Starting SCP run 4 for 10M...
Starting SCP run 5 for 10M...
Starting SCP run 6 for 10M...
Starting SCP run 7 for 10M...
Starting SCP run 8 for 10M...
Starting SCP run 9 for 10M...

Closing SSH control connection...
Time: 3.894351s
Time: 3.523589s
Time: 3.459647s
Time: 3.394060s
Time: 3.330835s
Time: 3.488719s
Time: 3.417766s
Time: 3.289901s
Time: 3.482061s
Time: 3.458137s
Time: 3.501146s
Time: 3.435410s
Time: 3.506701s
Time: 4.800525s
Time: 3.793453s
Time: 3.825778s
Time: 3.415304s
Time: 3.410741s
Time: 3.290321s
Time: 3.488589s
Time: 3.599070s
Time: 3.492045s
Time: 3.403170s
Time: 3.295080s
Time: 3.403855s
Time: 3.485109s
Time: 3.412162s
Time: 3.422401s
Time: 3.495743s
Time: 3.408333s
Time: 3.826113s
Time: 3.810573s
Time: 3.775688s
Time: 3.683518s
Time: 3.787543s
Time: 3.790974s
Time: 3.792124s
Time: 3.827032s
Time: 3.850605s
Time: 3.564886s
Time: 4.687055s
Time: 4.524985s
Time: 4.690662s
Time: 4.494429s
Time: 4.739739s
Time: 4.668265s
Time: 4.704168s
Time: 4.719216s
Time: 4.707891s
Time: 4.611018s
All SCP runs complete.
Data saved to results/scp_data_1303.json
Reading data from results/scp_data_1303.json
Saved results/scp_data1303_boxplot.png
Saved results/scp_data1303_linear.png
linear: R² = 0.9648

Fitting convex quadratic (convexity only, no monotonicity constraint):
Fitted convex quadratic: a=2.955832e-23, b=1.201346e-04, c=3.503327e+00
Curve shape: monotonically increasing
Saved results/scp_data1303_quadratic.png
quadratic: R² for quadratic fit: 0.9648

Monotonicity check (derivative at data points):
  Min derivative: 1.201346e-04
  Max derivative: 1.201346e-04
  [OK] Curve is monotonically increasing over data range

Fitting logarithmic model: y = a*log(x) + b
Saved results/scp_data1303_logarithmic.png
logarithmic: y = 1.197182e-01*log(x) + 3.218967e+00
logarithmic: R² = 0.6656

Updated results/scp_data_1303.json with analysis results
Mon Feb  9 13:03:36 PST 2026: Hourly run completed
Opening persistent SSH connection...
SSH control connection established

Starting SCP run 0 for 1K...
Starting SCP run 1 for 1K...
Starting SCP run 2 for 1K...
Starting SCP run 3 for 1K...
Starting SCP run 4 for 1K...
Starting SCP run 5 for 1K...
Starting SCP run 6 for 1K...
Starting SCP run 7 for 1K...
Starting SCP run 8 for 1K...
Starting SCP run 9 for 1K...
Starting SCP run 0 for 10K...
Starting SCP run 1 for 10K...
Starting SCP run 2 for 10K...
Starting SCP run 3 for 10K...
Starting SCP run 4 for 10K...
Starting SCP run 5 for 10K...
Starting SCP run 6 for 10K...
Starting SCP run 7 for 10K...
Starting SCP run 8 for 10K...
Starting SCP run 9 for 10K...
Starting SCP run 0 for 100K...
Starting SCP run 1 for 100K...
Starting SCP run 2 for 100K...
Starting SCP run 3 for 100K...
Starting SCP run 4 for 100K...
Starting SCP run 5 for 100K...
Starting SCP run 6 for 100K...
Starting SCP run 7 for 100K...
Starting SCP run 8 for 100K...
Starting SCP run 9 for 100K...
Starting SCP run 0 for 1M...
Starting SCP run 1 for 1M...
Starting SCP run 2 for 1M...
Starting SCP run 3 for 1M...
Starting SCP run 4 for 1M...
Starting SCP run 5 for 1M...
Starting SCP run 6 for 1M...
Starting SCP run 7 for 1M...
Starting SCP run 8 for 1M...
Starting SCP run 9 for 1M...
Starting SCP run 0 for 10M...
Starting SCP run 1 for 10M...
Starting SCP run 2 for 10M...
Starting SCP run 3 for 10M...
Starting SCP run 4 for 10M...
Starting SCP run 5 for 10M...
Starting SCP run 6 for 10M...
Starting SCP run 7 for 10M...
Starting SCP run 8 for 10M...
Starting SCP run 9 for 10M...

Closing SSH control connection...
Time: 3.938407s
Time: 3.389801s
Time: 3.390187s
Time: 3.457000s
Time: 3.421593s
Time: 3.379141s
Time: 3.293081s
Time: 3.448234s
Time: 3.370078s
Time: 3.417491s
Time: 3.415477s
Time: 3.374392s
Time: 3.374309s
Time: 3.446063s
Time: 3.388839s
Time: 3.277383s
Time: 3.377622s
Time: 3.448364s
Time: 3.378393s
Time: 3.288543s
Time: 3.269004s
Time: 3.384964s
Time: 3.457781s
Time: 3.377660s
Time: 3.371204s
Time: 3.447411s
Time: 3.400482s
Time: 3.372835s
Time: 3.447559s
Time: 3.373776s
Time: 3.449143s
Time: 3.743762s
Time: 3.640449s
Time: 3.751684s
Time: 3.747084s
Time: 3.624736s
Time: 3.748745s
Time: 3.555546s
Time: 3.625612s
Time: 3.420727s
Time: 4.661773s
Time: 4.648792s
Time: 4.584244s
Time: 4.641558s
Time: 4.659093s
Time: 4.593933s
Time: 4.647517s
Time: 4.639398s
Time: 4.630590s
Time: 4.513323s
All SCP runs complete.
Data saved to results/scp_data_1403.json
Reading data from results/scp_data_1403.json
Saved results/scp_data1403_boxplot.png
Saved results/scp_data1403_linear.png
linear: R² = 0.9892

Fitting convex quadratic (convexity only, no monotonicity constraint):
Fitted convex quadratic: a=0.000000e+00, b=1.237324e-04, c=3.412375e+00
Curve shape: monotonically increasing
Saved results/scp_data1403_quadratic.png
quadratic: R² for quadratic fit: 0.9892

Monotonicity check (derivative at data points):
  Min derivative: 1.237324e-04
  Max derivative: 1.237324e-04
  [OK] Curve is monotonically increasing over data range

Fitting logarithmic model: y = a*log(x) + b
Saved results/scp_data1403_logarithmic.png
logarithmic: y = 1.184886e-01*log(x) + 3.141673e+00
logarithmic: R² = 0.6302

Updated results/scp_data_1403.json with analysis results
Mon Feb  9 14:03:33 PST 2026: Hourly run completed
